Microchip MPLAB XC8 Compiler V2.46

Linker command line:

-W-3 --edf=/opt/microchip/xc8/v2.46/pic/dat/20240104201356_en.msgs -cn \
  -h+dist/default/debug/tp10_v1.8.X.debug.sym \
  --cmf=dist/default/debug/tp10_v1.8.X.debug.cmf -z -Q16F1827 \
  -o/tmp/xcXfPppbI/driver_tmp_3.o --defsym=__MPLAB_BUILD=1 \
  --fixupoverflow=error -Mdist/default/debug/tp10_v1.8.X.debug.map \
  --md=/tmp/xcXfPppbI/driver_tmp_0.dat -E1 -ver=XC8 Compiler \
  -ACODE=00h-07FFhx2 -ASTRCODE=00h-0FFFh -ASTRING=00h-0FFhx16 \
  -ACONST=00h-0FFhx16 -AENTRY=00h-0FFhx16 -ACOMMON=070h-07Fh \
  -ABANK0=020h-06Fh -ABANK1=0A0h-0EFh -ABANK2=0120h-016Fh \
  -ABANK3=01A0h-01EFh -ABANK4=0220h-023Fh -ABIGRAM=02000h-0215Fh \
  -ARAM=020h-06Fh,0A0h-0EFh,0120h-016Fh,01A0h-01EFh,0220h-023Fh \
  -AABS1=020h-07Fh,0A0h-0EFh,0120h-016Fh,01A0h-01EFh,0220h-024Fh \
  -ASFR0=00h-01Fh -ASFR1=080h-09Fh -ASFR2=0100h-011Fh -ASFR3=0180h-019Fh \
  -ASFR4=0200h-021Fh -ASFR5=0280h-02EFh -ASFR6=0300h-036Fh \
  -ASFR7=0380h-03EFh -ASFR8=0400h-046Fh -ASFR9=0480h-04EFh \
  -ASFR10=0500h-056Fh -ASFR11=0580h-05EFh -ASFR12=0600h-066Fh \
  -ASFR13=0680h-06EFh -ASFR14=0700h-076Fh -ASFR15=0780h-07EFh \
  -ASFR16=0800h-086Fh -ASFR17=0880h-08EFh -ASFR18=0900h-096Fh \
  -ASFR19=0980h-09EFh -ASFR20=0A00h-0A6Fh -ASFR21=0A80h-0AEFh \
  -ASFR22=0B00h-0B6Fh -ASFR23=0B80h-0BEFh -ASFR24=0C00h-0C6Fh \
  -ASFR25=0C80h-0CEFh -ASFR26=0D00h-0D6Fh -ASFR27=0D80h-0DEFh \
  -ASFR28=0E00h-0E6Fh -ASFR29=0E80h-0EEFh -ASFR30=0F00h-0F6Fh \
  -ASFR31=0F80h-0FEFh -ACONFIG=08007h-08008h -DCONFIG=2 \
  -AIDLOC=08000h-08003h -DIDLOC=2 -AEEDATA=00h-0FFh/0F000h \
  -peeprom_data=EEDATA -DEEDATA=2 -DCODE=2 -DSTRCODE=2 -DSTRING=2 -DCONST=2 \
  -DENTRY=2 -preset_vec=00h,intentry=04h,sivt,init,end_init -ppowerup=CODE \
  -pcinit=CODE -pfunctab=ENTRY -k /tmp/xcXfPppbI/driver_tmp_17.o \
  dist/default/debug/tp10_v1.8.X.debug.o 

Object code version is 3.11

Machine type is 16F1827



                Name                               Link     Load   Length Selector   Space Scale
/tmp/xcXfPppbI/driver_tmp_17.o
                end_init                             19       19        2        8       0
                reset_vec                             0        0        2        0       0
                config                             8007     8007        2        0       4
dist/default/debug/tp10_v1.8.X.debug.o
                cinit                                1B       1B       14        8       0
                intentry                              4        4       15        8       0
                config                             8007     8007        2        0       4
                text49                              F04      F04       27     1E08       0
                text48                              F2B      F2B       28     1E56       0
                text47                              DFF      DFF       17     1BFE       0
                text46                              D6A      D6A        A     1AD4       0
                text45                              51F      51F       74        8       0
                text44                              145      145      115        8       0
                text43                              E9D      E9D       21     1D3A       0
                text42                              788      788       3C        8       0
                text41                              42A      42A       80        8       0
                text40                              7C4      7C4       37        8       0
                text39                              743      743       45        8       0
                text38                              6B6      6B6       48        8       0
                text37                              30D      30D       93        8       0
                text36                              6FE      6FE       45        8       0
                text35                              E2E      E2E       1A     1C5C       0
                text34                              F53      F53       2A     1EA6       0
                text33                              E48      E48       1A     1C90       0
                text32                                3        3        1        6       0
                text31                              D98      D98        E     1B30       0
                text29                              DB4      DB4        F     1B68       0
                text28                              D34      D34        5     1A68       0
                text27                              65E      65E       58        8       0
                text26                              D46      D46        9     1A8C       0
                text25                              D4F      D4F        9     1A9E       0
                text24                              D58      D58        9     1AB0       0
                text23                              EDF      EDF       25     1DBE       0
                text22                              D3F      D3F        7     1A7E       0
                text21                              E16      E16       18     1C2C       0
                text20                              D74      D74        C     1AE8       0
                text19                              D80      D80        C     1B00       0
                text18                              D61      D61        9     1AC2       0
                text17                              DC3      DC3       12     1B86       0
                text16                              D30      D30        4     1A60       0
                text15                              DE9      DE9       16     1BD2       0
                text14                              D8C      D8C        C     1B18       0
                text13                              DA6      DA6        E     1B4C       0
                text12                              E7E      E7E       1F     1CFC       0
                text11                              FD2      FD2       2E     1FA4       0
                text10                              EBE      EBE       21     1D7C       0
                text9                               4AA      4AA       75        8       0
                text8                                2F       2F      116        8       0
                text7                               25A      25A       B3        8       0
                text6                               DD5      DD5       14     1BAA       0
                text5                               593      593       73        8       0
                text4                               F7D      F7D       2A     1EFA       0
                text3                               FA7      FA7       2B     1F4E       0
                text2                               E62      E62       1C     1CC4       0
                text1                               606      606       58        8       0
                maintext                            3A0      3A0       8A        8       0
                cstackBANK0                          20       20       1F       20       1
                cstackCOMMON                         70       70        E       70       1
                cstackBANK1                          A0       A0       2A       A0       1
                clrtext                             D39      D39        6     1A72       0
                bssBANK1                             CA       CA        C       A0       1
                bssBANK0                             3F       3F       17       20       1
                nvBANK1                              D6       D6        1       A0       1
                nvBANK0                              56       56        8       20       1
                stringtext2                         807      807        4      FF6       0
                stringtext1                         7FB      7FB        C      FF6       0

TOTAL           Name                               Link     Load   Length     Space
        CLASS   CODE           
                end_init                             19       19        2         0
                cinit                                1B       1B       14         0
                intentry                              4        4       15         0
                reset_vec                             0        0        2         0
                text49                              F04      F04       27         0
                text48                              F2B      F2B       28         0
                text47                              DFF      DFF       17         0
                text46                              D6A      D6A        A         0
                text45                              51F      51F       74         0
                text44                              145      145      115         0
                text43                              E9D      E9D       21         0
                text42                              788      788       3C         0
                text41                              42A      42A       80         0
                text40                              7C4      7C4       37         0
                text39                              743      743       45         0
                text38                              6B6      6B6       48         0
                text37                              30D      30D       93         0
                text36                              6FE      6FE       45         0
                text35                              E2E      E2E       1A         0
                text34                              F53      F53       2A         0
                text33                              E48      E48       1A         0
                text32                                3        3        1         0
                text31                              D98      D98        E         0
                text29                              DB4      DB4        F         0
                text28                              D34      D34        5         0
                text27                              65E      65E       58         0
                text26                              D46      D46        9         0
                text25                              D4F      D4F        9         0
                text24                              D58      D58        9         0
                text23                              EDF      EDF       25         0
                text22                              D3F      D3F        7         0
                text21                              E16      E16       18         0
                text20                              D74      D74        C         0
                text19                              D80      D80        C         0
                text18                              D61      D61        9         0
                text17                              DC3      DC3       12         0
                text16                              D30      D30        4         0
                text15                              DE9      DE9       16         0
                text14                              D8C      D8C        C         0
                text13                              DA6      DA6        E         0
                text12                              E7E      E7E       1F         0
                text11                              FD2      FD2       2E         0
                text10                              EBE      EBE       21         0
                text9                               4AA      4AA       75         0
                text8                                2F       2F      116         0
                text7                               25A      25A       B3         0
                text6                               DD5      DD5       14         0
                text5                               593      593       73         0
                text4                               F7D      F7D       2A         0
                text3                               FA7      FA7       2B         0
                text2                               E62      E62       1C         0
                text1                               606      606       58         0
                maintext                            3A0      3A0       8A         0
                clrtext                             D39      D39        6         0

        CLASS   STRCODE        
                stringtext2                         807      807        4         0
                stringtext1                         7FB      7FB        C         0

        CLASS   STRING         

        CLASS   CONST          

        CLASS   ENTRY          

        CLASS   COMMON         
                cstackCOMMON                         70       70        E         1

        CLASS   BANK0          
                cstackBANK0                          20       20       1F         1
                bssBANK0                             3F       3F       17         1
                nvBANK0                              56       56        8         1

        CLASS   BANK1          
                cstackBANK1                          A0       A0       2A         1
                bssBANK1                             CA       CA        C         1
                nvBANK1                              D6       D6        1         1

        CLASS   BANK2          

        CLASS   BANK3          

        CLASS   BANK4          

        CLASS   BIGRAM         

        CLASS   RAM            

        CLASS   ABS1           
                abs_s1                               7E       7E        2         1

        CLASS   SFR0           

        CLASS   SFR1           

        CLASS   SFR2           

        CLASS   SFR3           

        CLASS   SFR4           

        CLASS   SFR5           

        CLASS   SFR6           

        CLASS   SFR7           

        CLASS   SFR8           

        CLASS   SFR9           

        CLASS   SFR10          

        CLASS   SFR11          

        CLASS   SFR12          

        CLASS   SFR13          

        CLASS   SFR14          

        CLASS   SFR15          

        CLASS   SFR16          

        CLASS   SFR17          

        CLASS   SFR18          

        CLASS   SFR19          

        CLASS   SFR20          

        CLASS   SFR21          

        CLASS   SFR22          

        CLASS   SFR23          

        CLASS   SFR24          

        CLASS   SFR25          

        CLASS   SFR26          

        CLASS   SFR27          

        CLASS   SFR28          

        CLASS   SFR29          

        CLASS   SFR30          

        CLASS   SFR31          

        CLASS   CONFIG         
                config                             8007     8007        2         4

        CLASS   IDLOC          

        CLASS   EEDATA         

        CLASS   BANK31         

        CLASS   BANK30         

        CLASS   BANK29         

        CLASS   BANK28         

        CLASS   BANK27         

        CLASS   BANK26         

        CLASS   BANK25         

        CLASS   BANK24         

        CLASS   BANK23         

        CLASS   BANK22         

        CLASS   BANK21         

        CLASS   BANK20         

        CLASS   BANK19         

        CLASS   BANK18         

        CLASS   BANK17         

        CLASS   BANK16         

        CLASS   BANK15         

        CLASS   BANK14         

        CLASS   BANK13         

        CLASS   BANK12         

        CLASS   BANK11         

        CLASS   BANK10         

        CLASS   BANK9          

        CLASS   BANK8          

        CLASS   BANK7          

        CLASS   BANK6          

        CLASS   BANK5          

        CLASS   HEAP           

        CLASS   STACK          



SEGMENTS        Name                           Load    Length   Top    Selector   Space  Class     Delta

                text20                         000D74  00000C  000D80      1AE8       0  CODE        2
                text19                         000D80  00000C  000D8C      1B00       0  CODE        2
                text29                         000DB4  00000F  000DC3      1B68       0  CODE        2
                text17                         000DC3  000012  000DD5      1B86       0  CODE        2
                text6                          000DD5  000014  000DE9      1BAA       0  CODE        2
                text13                         000DA6  00000E  000DB4      1B4C       0  CODE        2
                text14                         000D8C  00000C  000D98      1B18       0  CODE        2
                stringtext1                    0007FB  000010  00080B       FF6       0  STRCODE     2
                text31                         000D98  00000E  000DA6      1B30       0  CODE        2
                text46                         000D6A  00000A  000D74      1AD4       0  CODE        2
                text24                         000D58  000009  000D61      1AB0       0  CODE        2
                reset_vec                      000000  000002  000002         0       0  CODE        2
                text25                         000D4F  000009  000D58      1A9E       0  CODE        2
                text18                         000D61  000009  000D6A      1AC2       0  CODE        2
                text15                         000DE9  000016  000DFF      1BD2       0  CODE        2
                text35                         000E2E  00001A  000E48      1C5C       0  CODE        2
                text21                         000E16  000018  000E2E      1C2C       0  CODE        2
                text47                         000DFF  000017  000E16      1BFE       0  CODE        2
                text26                         000D46  000009  000D4F      1A8C       0  CODE        2
                text16                         000D30  000004  000D34      1A60       0  CODE        2
                text32                         000003  000001  000004         6       0  CODE        2
                clrtext                        000D39  000006  000D3F      1A72       0  CODE        2
                text28                         000D34  000005  000D39      1A68       0  CODE        2
                text22                         000D3F  000007  000D46      1A7E       0  CODE        2
                text33                         000E48  00001A  000E62      1C90       0  CODE        2
                cstackBANK0                    000020  00003E  00005E        20       1  BANK0       1
                intentry                       000004  0007F7  0007FB         8       0  CODE        2
                cstackBANK1                    0000A0  000037  0000D7        A0       1  BANK1       1
                cstackCOMMON                   000070  00000E  00007E        70       1  COMMON      1
                text10                         000EBE  000021  000EDF      1D7C       0  CODE        2
                text23                         000EDF  000025  000F04      1DBE       0  CODE        2
                text43                         000E9D  000021  000EBE      1D3A       0  CODE        2
                text2                          000E62  00001C  000E7E      1CC4       0  CODE        2
                text12                         000E7E  00001F  000E9D      1CFC       0  CODE        2
                text49                         000F04  000027  000F2B      1E08       0  CODE        2
                text3                          000FA7  00002B  000FD2      1F4E       0  CODE        2
                text11                         000FD2  00002E  001000      1FA4       0  CODE        2
                text4                          000F7D  00002A  000FA7      1EFA       0  CODE        2
                text48                         000F2B  000028  000F53      1E56       0  CODE        2
                text34                         000F53  00002A  000F7D      1EA6       0  CODE        2


UNUSED ADDRESS RANGES

        Name                Unused          Largest block    Delta
        BANK0            0005E-0006F              12           1
        BANK1            000D7-000EF              19           1
        BANK2            00120-0016F              50           1
        BANK3            001A0-001EF              50           1
        BANK4            00220-0023F              20           1
        BIGRAM           02000-0215F             160           1
        CODE             00002-00002               1           2
                         0080B-00D2F             525
        CONST            00002-00002               1           2
                         0080B-00D2F             100
        EEDATA           0F000-0F0FF             100           2
        ENTRY            00002-00002               1           2
                         0080B-00D2F             100
        IDLOC            08000-08003               4           2
        RAM              0005E-0006F              12           1
                         000D7-000EF              19
                         00120-0016F              50
                         001A0-001EF              50
                         00220-0023F              20
        SFR0             00000-0001F              20           1
        SFR1             00080-0009F              20           1
        SFR10            00500-0056F              70           1
        SFR11            00580-005EF              70           1
        SFR12            00600-0066F              70           1
        SFR13            00680-006EF              70           1
        SFR14            00700-0076F              70           1
        SFR15            00780-007EF              70           1
        SFR16            00800-0086F              70           1
        SFR17            00880-008EF              70           1
        SFR18            00900-0096F              70           1
        SFR19            00980-009EF              70           1
        SFR2             00100-0011F              20           1
        SFR20            00A00-00A6F              70           1
        SFR21            00A80-00AEF              70           1
        SFR22            00B00-00B6F              70           1
        SFR23            00B80-00BEF              70           1
        SFR24            00C00-00C6F              70           1
        SFR25            00C80-00CEF              70           1
        SFR26            00D00-00D6F              70           1
        SFR27            00D80-00DEF              70           1
        SFR28            00E00-00E6F              70           1
        SFR29            00E80-00EEF              70           1
        SFR3             00180-0019F              20           1
        SFR30            00F00-00F6F              70           1
        SFR31            00F80-00FEF              70           1
        SFR4             00200-0021F              20           1
        SFR5             00280-002EF              70           1
        SFR6             00300-0036F              70           1
        SFR7             00380-003EF              70           1
        SFR8             00400-0046F              70           1
        SFR9             00480-004EF              70           1
        STRCODE          00002-00002               1           2
                         0080B-00D2F             525
        STRING           00002-00002               1           2
                         0080B-00D2F             100

                                  Symbol Table

?___altoft                                     cstackBANK0  00020
?___ftadd                                      cstackBANK1  000BB
?___ftmul                                      cstackBANK1  000AB
?___ftneg                                      cstackCOMMON 00070
?___ftpack                                     cstackBANK1  000A0
?___ftsub                                      cstackBANK0  0002E
?___fttol                                      cstackCOMMON 00070
?___lwtoft                                     cstackBANK1  000A8
?_round                                        cstackBANK0  00034
?_trunc                                        cstackBANK0  00026
?i1___ftadd                                    cstackCOMMON 00078
?i1___ftpack                                   cstackCOMMON 00070
EUSART_SetErrorHandler@interruptHandler        cstackBANK1  000A0
EUSART_SetFramingErrorHandler@interruptHandler cstackBANK1  000A0
EUSART_SetOverrunErrorHandler@interruptHandler cstackBANK1  000A0
EUSART_Write@txData                            cstackBANK1  000A0
Ext_Read@addressHigh                           cstackBANK1  000AB
Ext_Read@addressLow                            cstackBANK1  000AC
Ext_Read@data                                  cstackBANK1  000AD
Ext_Write@addressHigh                          cstackCOMMON 00079
Ext_Write@addressLow                           cstackBANK0  00020
Ext_Write@data                                 cstackBANK0  00021
Ext_Write@x                                    cstackCOMMON 0007A
Ext_Write@y                                    cstackCOMMON 0007B
SPI1_ExchangeBlock@block                       cstackBANK1  000A3
SPI1_ExchangeBlock@blockSize                   cstackBANK1  000A0
SPI1_ExchangeBlock@data                        cstackBANK1  000A4
SPI1_ExchangeByte@data                         cstackBANK1  000A0
SPI1_Open@spi1UniqueConfiguration              cstackBANK1  000A3
SPI1_ReadBlock@block                           cstackBANK1  000A4
SPI1_ReadBlock@blockSize                       cstackBANK1  000A1
SPI1_ReadBlock@data                            cstackBANK1  000A5
TMR2_SetInterruptHandler@InterruptHandler      cstackBANK1  000A0
_ANSELA                                        (abs)        0018C
_ANSELB                                        (abs)        0018D
_APFCON0                                       (abs)        0011D
_APFCON1                                       (abs)        0011E
_BAUDCON                                       (abs)        0019F
_BORCON                                        (abs)        00116
_EUSART_DefaultErrorHandler                    (abs)        00000
_EUSART_DefaultFramingErrorHandler             (abs)        00000
_EUSART_DefaultOverrunErrorHandler             (abs)        00000
_EUSART_ErrorHandler                           bssBANK0     0004C
_EUSART_FramingErrorHandler                    bssBANK0     00050
_EUSART_Initialize                             text23       00EDF
_EUSART_OverrunErrorHandler                    bssBANK0     0004E
_EUSART_Read                                   text29       00DB4
_EUSART_SetErrorHandler                        text26       00D46
_EUSART_SetFramingErrorHandler                 text25       00D4F
_EUSART_SetOverrunErrorHandler                 text24       00D58
_EUSART_Write                                  text14       00D8C
_EUSART_is_rx_ready                            text28       00D34
_Ext_Read                                      text10       00EBE
_Ext_Write                                     text47       00DFF
_INTCONbits                                    (abs)        0000B
_INTERRUPT_InterruptManager                    intentry     00004
_LATA                                          (abs)        0010C
_LATAbits                                      (abs)        0010C
_LATB                                          (abs)        0010D
_LATBbits                                      (abs)        0010D
_OPTION_REGbits                                (abs)        00095
_OSCCON                                        (abs)        00099
_OSCILLATOR_Initialize                         text22       00D3F
_OSCTUNE                                       (abs)        00098
_PIE1bits                                      (abs)        00091
_PIN_MANAGER_Initialize                        text21       00E16
_PIR1bits                                      (abs)        00011
_PR2                                           (abs)        0001B
_RCREG                                         (abs)        00199
_RCSTA                                         (abs)        0019D
_RCSTAbits                                     (abs)        0019D
_SPBRGH                                        (abs)        0019C
_SPBRGL                                        (abs)        0019B
_SPI1_ExchangeBlock                            text4        00F7D
_SPI1_ExchangeByte                             text13       00DA6
_SPI1_Initialize                               text20       00D74
_SPI1_Open                                     text27       0065E
_SPI1_ReadBlock                                text12       00E7E
_SSP1ADD                                       (abs)        00212
_SSP1BUF                                       (abs)        00211
_SSP1CON1                                      (abs)        00215
_SSP1CON1bits                                  (abs)        00215
_SSP1CON2                                      (abs)        00216
_SSP1STAT                                      (abs)        00214
_SYSTEM_Initialize                             text15       00DE9
_T                                             nvBANK0      0005D
_T1CON                                         (abs)        00018
_T1CONbits                                     (abs)        00018
_T1GCON                                        (abs)        00019
_T1GCONbits                                    (abs)        00019
_T2CON                                         (abs)        0001C
_T2CONbits                                     (abs)        0001C
_TMR1                                          (abs)        00016
_TMR1H                                         (abs)        00017
_TMR1L                                         (abs)        00016
_TMR1_Initialize                               text19       00D80
_TMR2                                          (abs)        0001A
_TMR2_DefaultInterruptHandler                  text32       00003
_TMR2_ISR                                      text31       00D98
_TMR2_Initialize                               text17       00DC3
_TMR2_InterruptHandler                         bssBANK0     00048
_TMR2_SetInterruptHandler                      text18       00D61
_TRISA                                         (abs)        0008C
_TRISB                                         (abs)        0008D
_TRISBbits                                     (abs)        0008D
_TXREG                                         (abs)        0019A
_TXSTA                                         (abs)        0019E
_TXSTAbits                                     (abs)        0019E
_WDTCON                                        (abs)        00097
_WDT_Initialize                                text16       00D30
_WPUA                                          (abs)        0020C
_WPUB                                          (abs)        0020D
__H__absolute__                                __absolute__ 00000
__Habs1                                        abs1         00000
__Hbank0                                       bank0        00000
__Hbank1                                       bank1        00000
__Hbank10                                      bank10       00000
__Hbank11                                      bank11       00000
__Hbank12                                      bank12       00000
__Hbank13                                      bank13       00000
__Hbank14                                      bank14       00000
__Hbank15                                      bank15       00000
__Hbank16                                      bank16       00000
__Hbank17                                      bank17       00000
__Hbank18                                      bank18       00000
__Hbank19                                      bank19       00000
__Hbank2                                       bank2        00000
__Hbank20                                      bank20       00000
__Hbank21                                      bank21       00000
__Hbank22                                      bank22       00000
__Hbank23                                      bank23       00000
__Hbank24                                      bank24       00000
__Hbank25                                      bank25       00000
__Hbank26                                      bank26       00000
__Hbank27                                      bank27       00000
__Hbank28                                      bank28       00000
__Hbank29                                      bank29       00000
__Hbank3                                       bank3        00000
__Hbank30                                      bank30       00000
__Hbank31                                      bank31       00000
__Hbank4                                       bank4        00000
__Hbank5                                       bank5        00000
__Hbank6                                       bank6        00000
__Hbank7                                       bank7        00000
__Hbank8                                       bank8        00000
__Hbank9                                       bank9        00000
__Hbigram                                      bigram       00000
__HbssBANK0                                    bssBANK0     00000
__HbssBANK1                                    bssBANK1     00000
__Hcinit                                       cinit        0002F
__Hclrtext                                     clrtext      00000
__Hcode                                        code         00000
__Hcommon                                      common       00000
__Hconfig                                      config       08009
__HcstackBANK0                                 cstackBANK0  00000
__HcstackBANK1                                 cstackBANK1  00000
__HcstackCOMMON                                cstackCOMMON 00000
__Heeprom_data                                 eeprom_data  00000
__Hend_init                                    end_init     0001B
__Hfunctab                                     functab      00000
__Hheap                                        heap         00000
__Hinit                                        init         00019
__Hintentry                                    intentry     00019
__Hmaintext                                    maintext     00000
__HnvBANK0                                     nvBANK0      00000
__HnvBANK1                                     nvBANK1      00000
__Hpowerup                                     powerup      00000
__Hram                                         ram          00000
__Hreset_vec                                   reset_vec    00002
__Hsfr0                                        sfr0         00000
__Hsfr1                                        sfr1         00000
__Hsfr10                                       sfr10        00000
__Hsfr11                                       sfr11        00000
__Hsfr12                                       sfr12        00000
__Hsfr13                                       sfr13        00000
__Hsfr14                                       sfr14        00000
__Hsfr15                                       sfr15        00000
__Hsfr16                                       sfr16        00000
__Hsfr17                                       sfr17        00000
__Hsfr18                                       sfr18        00000
__Hsfr19                                       sfr19        00000
__Hsfr2                                        sfr2         00000
__Hsfr20                                       sfr20        00000
__Hsfr21                                       sfr21        00000
__Hsfr22                                       sfr22        00000
__Hsfr23                                       sfr23        00000
__Hsfr24                                       sfr24        00000
__Hsfr25                                       sfr25        00000
__Hsfr26                                       sfr26        00000
__Hsfr27                                       sfr27        00000
__Hsfr28                                       sfr28        00000
__Hsfr29                                       sfr29        00000
__Hsfr3                                        sfr3         00000
__Hsfr30                                       sfr30        00000
__Hsfr31                                       sfr31        00000
__Hsfr4                                        sfr4         00000
__Hsfr5                                        sfr5         00000
__Hsfr6                                        sfr6         00000
__Hsfr7                                        sfr7         00000
__Hsfr8                                        sfr8         00000
__Hsfr9                                        sfr9         00000
__Hsivt                                        sivt         00019
__Hspace_0                                     (abs)        01000
__Hspace_1                                     (abs)        000D7
__Hspace_2                                     (abs)        00000
__Hspace_3                                     (abs)        00000
__Hspace_4                                     (abs)        10010
__Hstack                                       stack        00000
__Hstrings                                     strings      00000
__Hstringtext1                                 stringtext1  00000
__Hstringtext2                                 stringtext2  00000
__Htext                                        text         00000
__L__absolute__                                __absolute__ 00000
__Labs1                                        abs1         00000
__Lbank0                                       bank0        00000
__Lbank1                                       bank1        00000
__Lbank10                                      bank10       00000
__Lbank11                                      bank11       00000
__Lbank12                                      bank12       00000
__Lbank13                                      bank13       00000
__Lbank14                                      bank14       00000
__Lbank15                                      bank15       00000
__Lbank16                                      bank16       00000
__Lbank17                                      bank17       00000
__Lbank18                                      bank18       00000
__Lbank19                                      bank19       00000
__Lbank2                                       bank2        00000
__Lbank20                                      bank20       00000
__Lbank21                                      bank21       00000
__Lbank22                                      bank22       00000
__Lbank23                                      bank23       00000
__Lbank24                                      bank24       00000
__Lbank25                                      bank25       00000
__Lbank26                                      bank26       00000
__Lbank27                                      bank27       00000
__Lbank28                                      bank28       00000
__Lbank29                                      bank29       00000
__Lbank3                                       bank3        00000
__Lbank30                                      bank30       00000
__Lbank31                                      bank31       00000
__Lbank4                                       bank4        00000
__Lbank5                                       bank5        00000
__Lbank6                                       bank6        00000
__Lbank7                                       bank7        00000
__Lbank8                                       bank8        00000
__Lbank9                                       bank9        00000
__Lbigram                                      bigram       00000
__LbssBANK0                                    bssBANK0     00000
__LbssBANK1                                    bssBANK1     00000
__Lcinit                                       cinit        0001B
__Lclrtext                                     clrtext      00000
__Lcode                                        code         00000
__Lcommon                                      common       00000
__Lconfig                                      config       00000
__LcstackBANK0                                 cstackBANK0  00000
__LcstackBANK1                                 cstackBANK1  00000
__LcstackCOMMON                                cstackCOMMON 00000
__Leeprom_data                                 eeprom_data  00000
__Lend_init                                    end_init     00019
__Lfunctab                                     functab      00000
__Lheap                                        heap         00000
__Linit                                        init         00019
__Lintentry                                    intentry     00004
__Lmaintext                                    maintext     00000
__LnvBANK0                                     nvBANK0      00000
__LnvBANK1                                     nvBANK1      00000
__Lpowerup                                     powerup      00000
__Lram                                         ram          00000
__Lreset_vec                                   reset_vec    00000
__Lsfr0                                        sfr0         00000
__Lsfr1                                        sfr1         00000
__Lsfr10                                       sfr10        00000
__Lsfr11                                       sfr11        00000
__Lsfr12                                       sfr12        00000
__Lsfr13                                       sfr13        00000
__Lsfr14                                       sfr14        00000
__Lsfr15                                       sfr15        00000
__Lsfr16                                       sfr16        00000
__Lsfr17                                       sfr17        00000
__Lsfr18                                       sfr18        00000
__Lsfr19                                       sfr19        00000
__Lsfr2                                        sfr2         00000
__Lsfr20                                       sfr20        00000
__Lsfr21                                       sfr21        00000
__Lsfr22                                       sfr22        00000
__Lsfr23                                       sfr23        00000
__Lsfr24                                       sfr24        00000
__Lsfr25                                       sfr25        00000
__Lsfr26                                       sfr26        00000
__Lsfr27                                       sfr27        00000
__Lsfr28                                       sfr28        00000
__Lsfr29                                       sfr29        00000
__Lsfr3                                        sfr3         00000
__Lsfr30                                       sfr30        00000
__Lsfr31                                       sfr31        00000
__Lsfr4                                        sfr4         00000
__Lsfr5                                        sfr5         00000
__Lsfr6                                        sfr6         00000
__Lsfr7                                        sfr7         00000
__Lsfr8                                        sfr8         00000
__Lsfr9                                        sfr9         00000
__Lsivt                                        sivt         00019
__Lspace_0                                     (abs)        00000
__Lspace_1                                     (abs)        00000
__Lspace_2                                     (abs)        00000
__Lspace_3                                     (abs)        00000
__Lspace_4                                     (abs)        00000
__Lstack                                       stack        00000
__Lstrings                                     strings      00000
__Lstringtext1                                 stringtext1  00000
__Lstringtext2                                 stringtext2  00000
__Ltext                                        text         00000
__S0                                           (abs)        01000
__S1                                           (abs)        000D7
__S3                                           (abs)        00000
___altoft                                      text42       00788
___altoft@c                                    cstackBANK0  00020
___altoft@exp                                  cstackBANK0  00024
___altoft@sign                                 cstackBANK0  00025
___ftadd                                       text8        0002F
___ftadd@exp1                                  cstackBANK1  000C6
___ftadd@exp2                                  cstackBANK1  000C5
___ftadd@f1                                    cstackBANK1  000BB
___ftadd@f2                                    cstackBANK1  000BE
___ftadd@sign                                  cstackBANK1  000C4
___ftmul                                       text7        0025A
___ftmul@cntr                                  cstackBANK1  000B9
___ftmul@exp                                   cstackBANK1  000B5
___ftmul@f1                                    cstackBANK1  000AB
___ftmul@f2                                    cstackBANK1  000AE
___ftmul@f3_as_product                         cstackBANK1  000B6
___ftmul@sign                                  cstackBANK1  000BA
___ftneg                                       text46       00D6A
___ftneg@f1                                    cstackCOMMON 00070
___ftpack                                      text9        004AA
___ftpack@arg                                  cstackBANK1  000A0
___ftpack@exp                                  cstackBANK1  000A3
___ftpack@sign                                 cstackBANK1  000A4
___ftsub                                       text43       00E9D
___ftsub@f1                                    cstackBANK0  00031
___ftsub@f2                                    cstackBANK0  0002E
___fttol                                       text41       0042A
___fttol@exp1                                  cstackCOMMON 0007C
___fttol@f1                                    cstackCOMMON 00070
___fttol@lval                                  cstackCOMMON 00078
___fttol@sign1                                 cstackCOMMON 00077
___heap_hi                                     (abs)        00000
___heap_lo                                     (abs)        00000
___int_sp                                      stack        00000
___int_stack_hi                                stack        00000
___int_stack_lo                                stack        00000
___latbits                                     (abs)        00001
___lwtoft                                      text6        00DD5
___lwtoft@c                                    cstackBANK1  000A8
___sp                                          stack        00000
___stack_hi                                    stack        00000
___stack_lo                                    stack        00000
___stackhi                                     (abs)        00000
___stacklo                                     (abs)        00000
__end_of_EUSART_Initialize                     text23       00F04
__end_of_EUSART_Read                           text29       00DC3
__end_of_EUSART_SetErrorHandler                text26       00D4F
__end_of_EUSART_SetFramingErrorHandler         text25       00D58
__end_of_EUSART_SetOverrunErrorHandler         text24       00D61
__end_of_EUSART_Write                          text14       00D98
__end_of_EUSART_is_rx_ready                    text28       00D39
__end_of_Ext_Read                              text10       00EDF
__end_of_Ext_Write                             text47       00E16
__end_of_INTERRUPT_InterruptManager            intentry     00019
__end_of_OSCILLATOR_Initialize                 text22       00D46
__end_of_PIN_MANAGER_Initialize                text21       00E2E
__end_of_SPI1_ExchangeBlock                    text4        00FA7
__end_of_SPI1_ExchangeByte                     text13       00DB4
__end_of_SPI1_Initialize                       text20       00D80
__end_of_SPI1_Open                             text27       006B6
__end_of_SPI1_ReadBlock                        text12       00E9D
__end_of_SYSTEM_Initialize                     text15       00DFF
__end_of_TMR1_Initialize                       text19       00D8C
__end_of_TMR2_DefaultInterruptHandler          text32       00004
__end_of_TMR2_ISR                              text31       00DA6
__end_of_TMR2_Initialize                       text17       00DD5
__end_of_TMR2_SetInterruptHandler              text18       00D6A
__end_of_WDT_Initialize                        text16       00D34
__end_of___altoft                              text42       007C4
__end_of___ftadd                               text8        00145
__end_of___ftmul                               text7        0030D
__end_of___ftneg                               text46       00D74
__end_of___ftpack                              text9        0051F
__end_of___ftsub                               text43       00EBE
__end_of___fttol                               text41       004AA
__end_of___lwtoft                              text6        00DE9
__end_of__initialization                       cinit        0002B
__end_of_analisaRx                             text5        00606
__end_of_decrementaT                           text33       00E62
__end_of_executaTudo                           text34       00F7D
__end_of_frexp                                 text40       007FB
__end_of_initMatrix                            text1        0065E
__end_of_main                                  maintext     0042A
__end_of_matrixClear                           text2        00E7E
__end_of_matrix_conf                           stringtext1  00807
__end_of_positionCalc                          text37       003A0
__end_of_positionUpdate                        text36       00743
__end_of_round                                 text38       006FE
__end_of_rxSpi                                 text11       01000
__end_of_spi1_configuration                    stringtext2  0080B
__end_of_trunc                                 text39       00788
__end_of_txSpi                                 text3        00FD2
__end_ofi1_SPI1_ExchangeBlock                  text49       00F2B
__end_ofi1___ftadd                             text44       0025A
__end_ofi1___ftpack                            text45       00593
__end_ofi1_matrixClear                         text35       00E48
__end_ofi1_txSpi                               text48       00F53
__initialization                               cinit        0001B
__pbssBANK0                                    bssBANK0     0003F
__pbssBANK1                                    bssBANK1     000CA
__pcstackBANK0                                 cstackBANK0  00020
__pcstackBANK1                                 cstackBANK1  000A0
__pcstackCOMMON                                cstackCOMMON 00070
__pintentry                                    intentry     00004
__pmaintext                                    maintext     003A0
__pnvBANK0                                     nvBANK0      00056
__pnvBANK1                                     nvBANK1      000D6
__pstringtext1                                 stringtext1  007FB
__pstringtext2                                 stringtext2  00807
__ptext1                                       text1        00606
__ptext10                                      text10       00EBE
__ptext11                                      text11       00FD2
__ptext12                                      text12       00E7E
__ptext13                                      text13       00DA6
__ptext14                                      text14       00D8C
__ptext15                                      text15       00DE9
__ptext16                                      text16       00D30
__ptext17                                      text17       00DC3
__ptext18                                      text18       00D61
__ptext19                                      text19       00D80
__ptext2                                       text2        00E62
__ptext20                                      text20       00D74
__ptext21                                      text21       00E16
__ptext22                                      text22       00D3F
__ptext23                                      text23       00EDF
__ptext24                                      text24       00D58
__ptext25                                      text25       00D4F
__ptext26                                      text26       00D46
__ptext27                                      text27       0065E
__ptext28                                      text28       00D34
__ptext29                                      text29       00DB4
__ptext3                                       text3        00FA7
__ptext31                                      text31       00D98
__ptext32                                      text32       00003
__ptext33                                      text33       00E48
__ptext34                                      text34       00F53
__ptext35                                      text35       00E2E
__ptext36                                      text36       006FE
__ptext37                                      text37       0030D
__ptext38                                      text38       006B6
__ptext39                                      text39       00743
__ptext4                                       text4        00F7D
__ptext40                                      text40       007C4
__ptext41                                      text41       0042A
__ptext42                                      text42       00788
__ptext43                                      text43       00E9D
__ptext44                                      text44       00145
__ptext45                                      text45       0051F
__ptext46                                      text46       00D6A
__ptext47                                      text47       00DFF
__ptext48                                      text48       00F2B
__ptext49                                      text49       00F04
__ptext5                                       text5        00593
__ptext6                                       text6        00DD5
__ptext7                                       text7        0025A
__ptext8                                       text8        0002F
__ptext9                                       text9        004AA
_a                                             nvBANK0      00056
_address_read                                  bssBANK0     00044
_address_write                                 bssBANK0     00046
_analisaRx                                     text5        00593
_bufferRx                                      bssBANK0     00054
_decrementaT                                   text33       00E48
_eusartRxLastError                             bssBANK0     00055
_executaTudo                                   text34       00F53
_frexp                                         text40       007C4
_incx                                          nvBANK1      000D6
_initMatrix                                    text1        00606
_main                                          maintext     003A0
_matrixClear                                   text2        00E62
_matrix_conf                                   stringtext1  007FB
_positionCalc                                  text37       0030D
_positionCalc$1591                             cstackBANK0  0003A
_positionUpdate                                text36       006FE
_random                                        nvBANK0      00059
_round                                         text38       006B6
_rxSpi                                         text11       00FD2
_spi1_configuration                            stringtext2  00807
_timer1ReloadVal                               bssBANK0     0004A
_trunc                                         text39       00743
_txSpi                                         text3        00FA7
_x                                             nvBANK0      0005C
_y                                             nvBANK0      0005B
btemp                                          (abs)        0007E
clear_ram0                                     clrtext      00D39
decrementaT@CountCallBack                      bssBANK0     00042
end_of_initialization                          cinit        0002B
frexp@eptr                                     cstackCOMMON 00073
frexp@value                                    cstackCOMMON 00070
i1SPI1_ExchangeBlock@block                     cstackCOMMON 00073
i1SPI1_ExchangeBlock@blockSize                 cstackCOMMON 00070
i1SPI1_ExchangeBlock@data                      cstackCOMMON 00074
i1_SPI1_ExchangeBlock                          text49       00F04
i1___ftadd                                     text44       00145
i1___ftadd@exp1                                cstackBANK0  00025
i1___ftadd@exp2                                cstackBANK0  00024
i1___ftadd@f1                                  cstackCOMMON 00078
i1___ftadd@f2                                  cstackCOMMON 0007B
i1___ftadd@sign                                cstackBANK0  00023
i1___ftpack                                    text45       0051F
i1___ftpack@arg                                cstackCOMMON 00070
i1___ftpack@exp                                cstackCOMMON 00073
i1___ftpack@sign                               cstackCOMMON 00074
i1_matrixClear                                 text35       00E2E
i1_txSpi                                       text48       00F2B
i1matrixClear@data                             cstackCOMMON 00079
i1matrixClear@i                                cstackCOMMON 0007D
i1txSpi@cs                                     cstackCOMMON 00078
i1txSpi@data                                   cstackCOMMON 00075
i1txSpi@dataSize                               cstackCOMMON 00076
initMatrix@data                                cstackBANK1  000B0
initMatrix@i                                   cstackBANK1  000B5
initMatrix@j                                   cstackBANK1  000B6
initMatrix@k                                   cstackBANK1  000B4
int$flags                                      (abs)        0007E
intlevel0                                      functab      00000
intlevel1                                      functab      00000
intlevel2                                      functab      00000
intlevel3                                      functab      00000
intlevel4                                      functab      00000
intlevel5                                      functab      00000
main@rxChar                                    cstackBANK1  000C9
matrixClear@data                               cstackBANK1  000A9
matrixClear@i                                  cstackBANK1  000AD
positionCalc@yi                                bssBANK0     0003F
positionUpdate@cordX                           cstackBANK0  00024
positionUpdate@cordY                           cstackCOMMON 00079
positionUpdate@data                            cstackBANK0  00020
reset_vec                                      reset_vec    00000
round@f                                        cstackBANK0  00037
round@x                                        cstackBANK0  00034
rxSpi@block                                    cstackBANK1  000A6
rxSpi@blockSize                                cstackBANK1  000A7
rxSpi@cs                                       cstackBANK1  000AA
start                                          init         00019
start_initialization                           cinit        0001B
trunc@expon                                    cstackBANK0  0002C
trunc@i                                        cstackBANK0  00029
trunc@x                                        cstackBANK0  00026
txSpi@cs                                       cstackBANK1  000A8
txSpi@data                                     cstackBANK1  000A5
txSpi@dataSize                                 cstackBANK1  000A6
wtemp0                                         (abs)        0007E


MODULE INFORMATION

Module		Function		Class		Link	Load	Size
/opt/microchip/xc8/v2.46/pic/sources/c90/common/frexp.c
		_frexp         		CODE           	07C4	0000	55

/opt/microchip/xc8/v2.46/pic/sources/c90/common/frexp.c estimated size: 55

/opt/microchip/xc8/v2.46/pic/sources/c90/common/altoft.c
		___altoft      		CODE           	0788	0000	60

/opt/microchip/xc8/v2.46/pic/sources/c90/common/altoft.c estimated size: 60

/opt/microchip/xc8/v2.46/pic/sources/c90/common/ftmul.c
		___ftmul       		CODE           	025A	0000	179

/opt/microchip/xc8/v2.46/pic/sources/c90/common/ftmul.c estimated size: 179

mcc_generated_files/tmr2.c
		_TMR2_ISR      		CODE           	0D98	0000	14
		_TMR2_Initialize		CODE           	0DC3	0000	18
		_TMR2_SetInterruptHandler		CODE           	0D61	0000	9
		_TMR2_DefaultInterruptHandler		CODE           	0003	0000	1

mcc_generated_files/tmr2.c estimated size: 42

mcc_generated_files/interrupt_manager.c
		_INTERRUPT_InterruptManager		CODE           	0004	0000	21

mcc_generated_files/interrupt_manager.c estimated size: 21

/opt/microchip/xc8/v2.46/pic/sources/c90/common/lwtoft.c
		___lwtoft      		CODE           	0DD5	0000	20

/opt/microchip/xc8/v2.46/pic/sources/c90/common/lwtoft.c estimated size: 20

mcc_generated_files/pin_manager.c
		_PIN_MANAGER_Initialize		CODE           	0E16	0000	24

mcc_generated_files/pin_manager.c estimated size: 24

mcc_generated_files/spi1.c
		_SPI1_ExchangeBlock		CODE           	0F7D	0000	42
		_SPI1_ReadBlock		CODE           	0E7E	0000	31
		_SPI1_Open     		CODE           	065E	0000	88
		_SPI1_Initialize		CODE           	0D74	0000	12
		_SPI1_ExchangeByte		CODE           	0DA6	0000	14

mcc_generated_files/spi1.c estimated size: 187

/opt/microchip/xc8/v2.46/pic/sources/c90/common/fttol.c
		___fttol       		CODE           	042A	0000	128

/opt/microchip/xc8/v2.46/pic/sources/c90/common/fttol.c estimated size: 128

/opt/microchip/xc8/v2.46/pic/sources/c90/common/ftadd.c
		___ftadd       		CODE           	002F	0000	278

/opt/microchip/xc8/v2.46/pic/sources/c90/common/ftadd.c estimated size: 278

/opt/microchip/xc8/v2.46/pic/sources/c90/common/trunc.c
		_trunc         		CODE           	0743	0000	69

/opt/microchip/xc8/v2.46/pic/sources/c90/common/trunc.c estimated size: 69

shared
		i1_txSpi       		CODE           	0F2B	0000	40
		i1___ftadd     		CODE           	0145	0000	277
		i1_matrixClear 		CODE           	0E2E	0000	26
		i1___ftpack    		CODE           	051F	0000	116
		__initialization		CODE           	001B	0000	16
		i1_SPI1_ExchangeBlock		CODE           	0F04	0000	39
		_matrix_conf   		STRCODE        	07FB	0000	12
		_spi1_configuration		STRCODE        	0807	0000	4

shared estimated size: 530

mcc_generated_files/mcc.c
		_WDT_Initialize		CODE           	0D30	0000	4
		_OSCILLATOR_Initialize		CODE           	0D3F	0000	7
		_SYSTEM_Initialize		CODE           	0DE9	0000	22

mcc_generated_files/mcc.c estimated size: 33

/opt/microchip/xc8/v2.46/pic/sources/c90/common/round.c
		_round         		CODE           	06B6	0000	72

/opt/microchip/xc8/v2.46/pic/sources/c90/common/round.c estimated size: 72

mcc_generated_files/tmr1.c
		_TMR1_Initialize		CODE           	0D80	0000	12

mcc_generated_files/tmr1.c estimated size: 12

/opt/microchip/xc8/v2.46/pic/sources/c90/common/ftneg.c
		___ftneg       		CODE           	0D6A	0000	10

/opt/microchip/xc8/v2.46/pic/sources/c90/common/ftneg.c estimated size: 10

/opt/microchip/xc8/v2.46/pic/sources/c90/common/ftsub.c
		___ftsub       		CODE           	0E9D	0000	33

/opt/microchip/xc8/v2.46/pic/sources/c90/common/ftsub.c estimated size: 33

/opt/microchip/xc8/v2.46/pic/sources/c90/common/float.c
		___ftpack      		CODE           	04AA	0000	117

/opt/microchip/xc8/v2.46/pic/sources/c90/common/float.c estimated size: 117

mcc_generated_files/eusart.c
		_EUSART_Read   		CODE           	0DB4	0000	15
		_EUSART_Write  		CODE           	0D8C	0000	12
		_EUSART_Initialize		CODE           	0EDF	0000	37
		_EUSART_SetFramingErrorHandler		CODE           	0D4F	0000	9
		_EUSART_SetErrorHandler		CODE           	0D46	0000	9
		_EUSART_SetOverrunErrorHandler		CODE           	0D58	0000	9
		_EUSART_is_rx_ready		CODE           	0D34	0000	5

mcc_generated_files/eusart.c estimated size: 96

main.c
		_Ext_Read      		CODE           	0EBE	0000	33
		_rxSpi         		CODE           	0FD2	0000	46
		_positionCalc  		CODE           	030D	0000	147
		_txSpi         		CODE           	0FA7	0000	43
		_analisaRx     		CODE           	0593	0000	115
		_main          		CODE           	03A0	0000	138
		_positionUpdate		CODE           	06FE	0000	69
		_executaTudo   		CODE           	0F53	0000	42
		_initMatrix    		CODE           	0606	0000	88
		_matrixClear   		CODE           	0E62	0000	28
		_decrementaT   		CODE           	0E48	0000	26
		_Ext_Write     		CODE           	0DFF	0000	23

main.c estimated size: 798

