Microchip MPLAB XC8 Compiler V2.46

Linker command line:

-W-3 \
  --edf=C:\Program Files\Microchip\xc8\v2.46\pic\dat\20240104201356_en.msgs \
  -cn -h+dist/default/debug\tp7_pt2.X.debug.sym \
  --cmf=dist/default/debug\tp7_pt2.X.debug.cmf -z -Q16F1827 \
  -oC:\Users\Alunos\AppData\Local\Temp\xcAsi0k.\driver_tmp_3.o \
  --defsym=__MPLAB_BUILD=1 --fixupoverflow=error \
  -Mdist/default/debug/tp7_pt2.X.debug.map \
  --md=C:\Users\Alunos\AppData\Local\Temp\xcAsi0k.\driver_tmp_0.dat -E1 \
  -ver=XC8 Compiler --acfsm=1493 -ACODE=00h-07FFhx2 -ASTRCODE=00h-0FFFh \
  -ASTRING=00h-0FFhx16 -ACONST=00h-0FFhx16 -AENTRY=00h-0FFhx16 \
  -ACOMMON=070h-07Fh -ABANK0=020h-06Fh -ABANK1=0A0h-0EFh \
  -ABANK2=0120h-016Fh -ABANK3=01A0h-01EFh -ABANK4=0220h-023Fh \
  -ABIGRAM=02000h-0215Fh \
  -ARAM=020h-06Fh,0A0h-0EFh,0120h-016Fh,01A0h-01EFh,0220h-023Fh \
  -AABS1=020h-07Fh,0A0h-0EFh,0120h-016Fh,01A0h-01EFh,0220h-024Fh \
  -ASFR0=00h-01Fh -ASFR1=080h-09Fh -ASFR2=0100h-011Fh -ASFR3=0180h-019Fh \
  -ASFR4=0200h-021Fh -ASFR5=0280h-02EFh -ASFR6=0300h-036Fh \
  -ASFR7=0380h-03EFh -ASFR8=0400h-046Fh -ASFR9=0480h-04EFh \
  -ASFR10=0500h-056Fh -ASFR11=0580h-05EFh -ASFR12=0600h-066Fh \
  -ASFR13=0680h-06EFh -ASFR14=0700h-076Fh -ASFR15=0780h-07EFh \
  -ASFR16=0800h-086Fh -ASFR17=0880h-08EFh -ASFR18=0900h-096Fh \
  -ASFR19=0980h-09EFh -ASFR20=0A00h-0A6Fh -ASFR21=0A80h-0AEFh \
  -ASFR22=0B00h-0B6Fh -ASFR23=0B80h-0BEFh -ASFR24=0C00h-0C6Fh \
  -ASFR25=0C80h-0CEFh -ASFR26=0D00h-0D6Fh -ASFR27=0D80h-0DEFh \
  -ASFR28=0E00h-0E6Fh -ASFR29=0E80h-0EEFh -ASFR30=0F00h-0F6Fh \
  -ASFR31=0F80h-0FEFh -ACONFIG=08007h-08008h -DCONFIG=2 \
  -AIDLOC=08000h-08003h -DIDLOC=2 -AEEDATA=00h-0FFh/0F000h \
  -peeprom_data=EEDATA -DEEDATA=2 -DCODE=2 -DSTRCODE=2 -DSTRING=2 -DCONST=2 \
  -DENTRY=2 -preset_vec=00h,intentry,sivt,init,end_init -ppowerup=CODE \
  -pcinit=CODE -pfunctab=ENTRY -k \
  C:\Users\Alunos\AppData\Local\Temp\xcAsi0k.\driver_tmp_15.o \
  dist/default/debug\tp7_pt2.X.debug.o 

Object code version is 3.11

Machine type is 16F1827



                Name                               Link     Load   Length Selector   Space Scale
C:\Users\Alunos\AppData\Local\Temp\xcAsi0k.\driver_tmp_15.o
                end_init                              2        2        2        0       0
                reset_vec                             0        0        2        0       0
                config                             8007     8007        2        0       4
dist/default/debug\tp7_pt2.X.debug.o
                cinit                               7F2      7F2        E      FE4       0
                config                             8007     8007        2        0       4
                text22                              22B      22B       18      456       0
                text21                              1CF      1CF        A      39E       0
                text20                              1FA      1FA        D      3F4       0
                text19                              1D9      1D9        A      3B2       0
                text18                              1BF      1BF        8      37E       0
                text17                              1C7      1C7        8      38E       0
                text16                              1EE      1EE        C      3DC       0
                text15                              1A9      1A9        4      352       0
                text14                              1AD      1AD        6      35A       0
                text13                              1E3      1E3        B      3C6       0
                text12                              27A      27A       1D      4F4       0
                text11                              1B3      1B3        6      366       0
                text10                              216      216       15      42C       0
                text9                               1B9      1B9        6      372       0
                text8                               207      207        F      40E       0
                text7                               25E      25E       1C      4BC       0
                text6                               40D      40D      1AA      81A       0
                text5                               297      297       23      52E       0
                text4                               5B7      5B7      23B      B6E       0
                text3                               362      362       AB      6C4       0
                text2                               243      243       1B      486       0
                text1                               2BA      2BA       44      574       0
                maintext                            2FE      2FE       64      5FC       0
                cstackBANK0                          20       20       3E       20       1
                cstackCOMMON                         70       70        C       70       1
                bssBANK0                             66       66        8       20       1
                bssCOMMON                            7C       7C        2       70       1
                nvBANK0                              5E       5E        8       20       1
                stringtext1                         800      800        C     1000       0

TOTAL           Name                               Link     Load   Length     Space
        CLASS   CODE           
                end_init                              2        2        2         0
                cinit                               7F2      7F2        E         0
                reset_vec                             0        0        2         0
                text22                              22B      22B       18         0
                text21                              1CF      1CF        A         0
                text20                              1FA      1FA        D         0
                text19                              1D9      1D9        A         0
                text18                              1BF      1BF        8         0
                text17                              1C7      1C7        8         0
                text16                              1EE      1EE        C         0
                text15                              1A9      1A9        4         0
                text14                              1AD      1AD        6         0
                text13                              1E3      1E3        B         0
                text12                              27A      27A       1D         0
                text11                              1B3      1B3        6         0
                text10                              216      216       15         0
                text9                               1B9      1B9        6         0
                text8                               207      207        F         0
                text7                               25E      25E       1C         0
                text6                               40D      40D      1AA         0
                text5                               297      297       23         0
                text4                               5B7      5B7      23B         0
                text3                               362      362       AB         0
                text2                               243      243       1B         0
                text1                               2BA      2BA       44         0
                maintext                            2FE      2FE       64         0

        CLASS   STRCODE        
                stringtext1                         800      800        C         0

        CLASS   STRING         

        CLASS   CONST          

        CLASS   ENTRY          

        CLASS   COMMON         
                cstackCOMMON                         70       70        C         1
                bssCOMMON                            7C       7C        2         1

        CLASS   BANK0          
                cstackBANK0                          20       20       3E         1
                bssBANK0                             66       66        8         1
                nvBANK0                              5E       5E        8         1

        CLASS   BANK1          

        CLASS   BANK2          

        CLASS   BANK3          

        CLASS   BANK4          

        CLASS   BIGRAM         

        CLASS   RAM            

        CLASS   ABS1           
                abs_s1                               7E       7E        2         1

        CLASS   SFR0           

        CLASS   SFR1           

        CLASS   SFR2           

        CLASS   SFR3           

        CLASS   SFR4           

        CLASS   SFR5           

        CLASS   SFR6           

        CLASS   SFR7           

        CLASS   SFR8           

        CLASS   SFR9           

        CLASS   SFR10          

        CLASS   SFR11          

        CLASS   SFR12          

        CLASS   SFR13          

        CLASS   SFR14          

        CLASS   SFR15          

        CLASS   SFR16          

        CLASS   SFR17          

        CLASS   SFR18          

        CLASS   SFR19          

        CLASS   SFR20          

        CLASS   SFR21          

        CLASS   SFR22          

        CLASS   SFR23          

        CLASS   SFR24          

        CLASS   SFR25          

        CLASS   SFR26          

        CLASS   SFR27          

        CLASS   SFR28          

        CLASS   SFR29          

        CLASS   SFR30          

        CLASS   SFR31          

        CLASS   CONFIG         
                config                             8007     8007        2         4

        CLASS   IDLOC          

        CLASS   EEDATA         

        CLASS   BANK31         

        CLASS   BANK30         

        CLASS   BANK29         

        CLASS   BANK28         

        CLASS   BANK27         

        CLASS   BANK26         

        CLASS   BANK25         

        CLASS   BANK24         

        CLASS   BANK23         

        CLASS   BANK22         

        CLASS   BANK21         

        CLASS   BANK20         

        CLASS   BANK19         

        CLASS   BANK18         

        CLASS   BANK17         

        CLASS   BANK16         

        CLASS   BANK15         

        CLASS   BANK14         

        CLASS   BANK13         

        CLASS   BANK12         

        CLASS   BANK11         

        CLASS   BANK10         

        CLASS   BANK9          

        CLASS   BANK8          

        CLASS   BANK7          

        CLASS   BANK6          

        CLASS   BANK5          

        CLASS   HEAP           

        CLASS   STACK          



SEGMENTS        Name                           Load    Length   Top    Selector   Space  Class     Delta

                reset_vec                      000000  000004  000004         0       0  CODE        2
                cstackBANK0                    000020  00004E  00006E        20       1  BANK0       1
                cstackCOMMON                   000070  00000E  00007E        70       1  COMMON      1
                text15                         0001A9  000004  0001AD       352       0  CODE        2
                text14                         0001AD  000006  0001B3       35A       0  CODE        2
                text11                         0001B3  000006  0001B9       366       0  CODE        2
                text9                          0001B9  000006  0001BF       372       0  CODE        2
                text18                         0001BF  000008  0001C7       37E       0  CODE        2
                text17                         0001C7  000008  0001CF       38E       0  CODE        2
                text21                         0001CF  00000A  0001D9       39E       0  CODE        2
                text19                         0001D9  00000A  0001E3       3B2       0  CODE        2
                text13                         0001E3  00000B  0001EE       3C6       0  CODE        2
                text16                         0001EE  00000C  0001FA       3DC       0  CODE        2
                text20                         0001FA  00000D  000207       3F4       0  CODE        2
                text8                          000207  00000F  000216       40E       0  CODE        2
                text10                         000216  000015  00022B       42C       0  CODE        2
                text22                         00022B  000018  000243       456       0  CODE        2
                text2                          000243  00001B  00025E       486       0  CODE        2
                text7                          00025E  00001C  00027A       4BC       0  CODE        2
                text12                         00027A  00001D  000297       4F4       0  CODE        2
                text5                          000297  000023  0002BA       52E       0  CODE        2
                text1                          0002BA  000044  0002FE       574       0  CODE        2
                maintext                       0002FE  000064  000362       5FC       0  CODE        2
                text3                          000362  0000AB  00040D       6C4       0  CODE        2
                text6                          00040D  0001AA  0005B7       81A       0  CODE        2
                text4                          0005B7  00023B  0007F2       B6E       0  CODE        2
                cinit                          0007F2  00000E  000800       FE4       0  CODE        2
                stringtext1                    000800  00000C  00080C      1000       0  STRCODE     2


UNUSED ADDRESS RANGES

        Name                Unused          Largest block    Delta
        BANK0            0006E-0006F               2           1
        BANK1            000A0-000EF              50           1
        BANK2            00120-0016F              50           1
        BANK3            001A0-001EF              50           1
        BANK4            00220-0023F              20           1
        BIGRAM           02000-0215F             160           1
        CODE             00004-001A8             1A5           2
                         0080C-00FFF             7F4
        CONST            00004-001A8              FC           2
                         0080C-00FFF             100
        EEDATA           0F000-0F0FF             100           2
        ENTRY            00004-001A8              FC           2
                         0080C-00FFF             100
        IDLOC            08000-08003               4           2
        RAM              0006E-0006F               2           1
                         000A0-000EF              50
                         00120-0016F              50
                         001A0-001EF              50
                         00220-0023F              20
        SFR0             00000-0001F              20           1
        SFR1             00080-0009F              20           1
        SFR10            00500-0056F              70           1
        SFR11            00580-005EF              70           1
        SFR12            00600-0066F              70           1
        SFR13            00680-006EF              70           1
        SFR14            00700-0076F              70           1
        SFR15            00780-007EF              70           1
        SFR16            00800-0086F              70           1
        SFR17            00880-008EF              70           1
        SFR18            00900-0096F              70           1
        SFR19            00980-009EF              70           1
        SFR2             00100-0011F              20           1
        SFR20            00A00-00A6F              70           1
        SFR21            00A80-00AEF              70           1
        SFR22            00B00-00B6F              70           1
        SFR23            00B80-00BEF              70           1
        SFR24            00C00-00C6F              70           1
        SFR25            00C80-00CEF              70           1
        SFR26            00D00-00D6F              70           1
        SFR27            00D80-00DEF              70           1
        SFR28            00E00-00E6F              70           1
        SFR29            00E80-00EEF              70           1
        SFR3             00180-0019F              20           1
        SFR30            00F00-00F6F              70           1
        SFR31            00F80-00FEF              70           1
        SFR4             00200-0021F              20           1
        SFR5             00280-002EF              70           1
        SFR6             00300-0036F              70           1
        SFR7             00380-003EF              70           1
        SFR8             00400-0046F              70           1
        SFR9             00480-004EF              70           1
        STRCODE          00004-001A8             1A5           2
                         0080C-00FFF             7F4
        STRING           00004-001A8              FC           2
                         0080C-00FFF             100

                                  Symbol Table

?_ADC_GetConversion                            cstackCOMMON 00070
?_ECCP1_CaptureRead                            cstackCOMMON 00070
?__Umul8_16                                    cstackCOMMON 00070
?___fldiv                                      cstackBANK0  00040
?___flmul                                      cstackBANK0  00026
?___xxtofl                                     cstackCOMMON 00074
ADC_GetConversion@channel                      cstackCOMMON 00073
ECCP1_CaptureRead@module                       cstackCOMMON 00072
ECCP1_IsCapturedDataReady@status               cstackCOMMON 00070
ECCP2_LoadDutyValue@dutyValue                  cstackCOMMON 00070
INT_SetInterruptHandler@InterruptHandler       cstackCOMMON 00070
TMR1_OverflowCallbackRegister@CallbackHandler  cstackCOMMON 00070
TMR2_OverflowCallbackRegister@InterruptHandler cstackCOMMON 00070
_ADCON0                                        (abs)        0009D
_ADCON0bits                                    (abs)        0009D
_ADCON1                                        (abs)        0009E
_ADC_GetConversion                             text22       0022B
_ADC_Initialize                                text19       001D9
_ADRESH                                        (abs)        0009C
_ADRESL                                        (abs)        0009B
_ANSELA                                        (abs)        0018C
_ANSELB                                        (abs)        0018D
_APFCON0                                       (abs)        0011D
_BORCON                                        (abs)        00116
_CCP1CON                                       (abs)        00293
_CCP2CON                                       (abs)        0029A
_CCPR1H                                        (abs)        00292
_CCPR1L                                        (abs)        00291
_CCPR2H                                        (abs)        00299
_CCPR2L                                        (abs)        00298
_CCPTMRS0bits                                  (abs)        0029E
_CLOCK_Initialize                              text18       001BF
_ECCP1_CaptureRead                             text21       001CF
_ECCP1_Initialize                              text17       001C7
_ECCP1_IsCapturedDataReady                     text20       001FA
_ECCP2AS                                       (abs)        0029C
_ECCP2_Initialize                              text16       001EE
_ECCP2_LoadDutyValue                           text2        00243
_FVRCON                                        (abs)        00117
_FVRCONbits                                    (abs)        00117
_FVR_Initialize                                text15       001A9
_INTCONbits                                    (abs)        0000B
_INTERRUPT_Initialize                          text13       001E3
_INT_DefaultInterruptHandler                   (abs)        00000
_INT_InterruptHandler                          nvBANK0      00064
_INT_SetInterruptHandler                       text14       001AD
_IOCBF                                         (abs)        00396
_IOCBN                                         (abs)        00395
_IOCBP                                         (abs)        00394
_LATA                                          (abs)        0010C
_LATB                                          (abs)        0010D
_OPTION_REGbits                                (abs)        00095
_OSCCON                                        (abs)        00099
_OSCTUNE                                       (abs)        00098
_PIN_MANAGER_Initialize                        text12       0027A
_PIR1bits                                      (abs)        00011
_PR2                                           (abs)        0001B
_PSTR2CON                                      (abs)        0029D
_PWM2CON                                       (abs)        0029B
_SYSTEM_Initialize                             text7        0025E
_T1CON                                         (abs)        00018
_T1CONbits                                     (abs)        00018
_T1GCON                                        (abs)        00019
_T1GCONbits                                    (abs)        00019
_T2CON                                         (abs)        0001C
_T2CONbits                                     (abs)        0001C
_TMR1H                                         (abs)        00017
_TMR1L                                         (abs)        00016
_TMR1_DefaultOverflowCallback                  (abs)        00000
_TMR1_Initialize                               text10       00216
_TMR1_OverflowCallback                         nvBANK0      00062
_TMR1_OverflowCallbackRegister                 text11       001B3
_TMR1_Start                                    (abs)        00000
_TMR1_Stop                                     (abs)        00000
_TMR1_Tasks                                    (abs)        00000
_TMR1_Write                                    (abs)        00000
_TMR2                                          (abs)        0001A
_TMR2_DefaultOverflowCallback                  (abs)        00000
_TMR2_Initialize                               text8        00207
_TMR2_OverflowCallback                         nvBANK0      00060
_TMR2_OverflowCallbackRegister                 text9        001B9
_TRISA                                         (abs)        0008C
_TRISB                                         (abs)        0008D
_WPUA                                          (abs)        0020C
_WPUB                                          (abs)        0020D
__H__absolute__                                __absolute__ 00000
__Habs1                                        abs1         00000
__Hbank0                                       bank0        00000
__Hbank1                                       bank1        00000
__Hbank10                                      bank10       00000
__Hbank11                                      bank11       00000
__Hbank12                                      bank12       00000
__Hbank13                                      bank13       00000
__Hbank14                                      bank14       00000
__Hbank15                                      bank15       00000
__Hbank16                                      bank16       00000
__Hbank17                                      bank17       00000
__Hbank18                                      bank18       00000
__Hbank19                                      bank19       00000
__Hbank2                                       bank2        00000
__Hbank20                                      bank20       00000
__Hbank21                                      bank21       00000
__Hbank22                                      bank22       00000
__Hbank23                                      bank23       00000
__Hbank24                                      bank24       00000
__Hbank25                                      bank25       00000
__Hbank26                                      bank26       00000
__Hbank27                                      bank27       00000
__Hbank28                                      bank28       00000
__Hbank29                                      bank29       00000
__Hbank3                                       bank3        00000
__Hbank30                                      bank30       00000
__Hbank31                                      bank31       00000
__Hbank4                                       bank4        00000
__Hbank5                                       bank5        00000
__Hbank6                                       bank6        00000
__Hbank7                                       bank7        00000
__Hbank8                                       bank8        00000
__Hbank9                                       bank9        00000
__Hbigram                                      bigram       00000
__HbssBANK0                                    bssBANK0     00000
__HbssCOMMON                                   bssCOMMON    00000
__Hcinit                                       cinit        00800
__Hclrtext                                     clrtext      00000
__Hcode                                        code         00000
__Hcommon                                      common       00000
__Hconfig                                      config       08009
__HcstackBANK0                                 cstackBANK0  00000
__HcstackCOMMON                                cstackCOMMON 00000
__Heeprom_data                                 eeprom_data  00000
__Hend_init                                    end_init     00004
__Hfunctab                                     functab      00000
__Hheap                                        heap         00000
__Hinit                                        init         00002
__Hintentry                                    intentry     00002
__Hmaintext                                    maintext     00000
__HnvBANK0                                     nvBANK0      00000
__Hpowerup                                     powerup      00000
__Hram                                         ram          00000
__Hreset_vec                                   reset_vec    00002
__Hsfr0                                        sfr0         00000
__Hsfr1                                        sfr1         00000
__Hsfr10                                       sfr10        00000
__Hsfr11                                       sfr11        00000
__Hsfr12                                       sfr12        00000
__Hsfr13                                       sfr13        00000
__Hsfr14                                       sfr14        00000
__Hsfr15                                       sfr15        00000
__Hsfr16                                       sfr16        00000
__Hsfr17                                       sfr17        00000
__Hsfr18                                       sfr18        00000
__Hsfr19                                       sfr19        00000
__Hsfr2                                        sfr2         00000
__Hsfr20                                       sfr20        00000
__Hsfr21                                       sfr21        00000
__Hsfr22                                       sfr22        00000
__Hsfr23                                       sfr23        00000
__Hsfr24                                       sfr24        00000
__Hsfr25                                       sfr25        00000
__Hsfr26                                       sfr26        00000
__Hsfr27                                       sfr27        00000
__Hsfr28                                       sfr28        00000
__Hsfr29                                       sfr29        00000
__Hsfr3                                        sfr3         00000
__Hsfr30                                       sfr30        00000
__Hsfr31                                       sfr31        00000
__Hsfr4                                        sfr4         00000
__Hsfr5                                        sfr5         00000
__Hsfr6                                        sfr6         00000
__Hsfr7                                        sfr7         00000
__Hsfr8                                        sfr8         00000
__Hsfr9                                        sfr9         00000
__Hsivt                                        sivt         00002
__Hspace_0                                     (abs)        0080C
__Hspace_1                                     (abs)        0007E
__Hspace_2                                     (abs)        00000
__Hspace_3                                     (abs)        00000
__Hspace_4                                     (abs)        10010
__Hstack                                       stack        00000
__Hstrings                                     strings      00000
__Hstringtext1                                 stringtext1  00000
__Htext                                        text         00000
__L__absolute__                                __absolute__ 00000
__Labs1                                        abs1         00000
__Lbank0                                       bank0        00000
__Lbank1                                       bank1        00000
__Lbank10                                      bank10       00000
__Lbank11                                      bank11       00000
__Lbank12                                      bank12       00000
__Lbank13                                      bank13       00000
__Lbank14                                      bank14       00000
__Lbank15                                      bank15       00000
__Lbank16                                      bank16       00000
__Lbank17                                      bank17       00000
__Lbank18                                      bank18       00000
__Lbank19                                      bank19       00000
__Lbank2                                       bank2        00000
__Lbank20                                      bank20       00000
__Lbank21                                      bank21       00000
__Lbank22                                      bank22       00000
__Lbank23                                      bank23       00000
__Lbank24                                      bank24       00000
__Lbank25                                      bank25       00000
__Lbank26                                      bank26       00000
__Lbank27                                      bank27       00000
__Lbank28                                      bank28       00000
__Lbank29                                      bank29       00000
__Lbank3                                       bank3        00000
__Lbank30                                      bank30       00000
__Lbank31                                      bank31       00000
__Lbank4                                       bank4        00000
__Lbank5                                       bank5        00000
__Lbank6                                       bank6        00000
__Lbank7                                       bank7        00000
__Lbank8                                       bank8        00000
__Lbank9                                       bank9        00000
__Lbigram                                      bigram       00000
__LbssBANK0                                    bssBANK0     00000
__LbssCOMMON                                   bssCOMMON    00000
__Lcinit                                       cinit        007F2
__Lclrtext                                     clrtext      00000
__Lcode                                        code         00000
__Lcommon                                      common       00000
__Lconfig                                      config       00000
__LcstackBANK0                                 cstackBANK0  00000
__LcstackCOMMON                                cstackCOMMON 00000
__Leeprom_data                                 eeprom_data  00000
__Lend_init                                    end_init     00002
__Lfunctab                                     functab      00000
__Lheap                                        heap         00000
__Linit                                        init         00002
__Lintentry                                    intentry     00002
__Lmaintext                                    maintext     00000
__LnvBANK0                                     nvBANK0      00000
__Lpowerup                                     powerup      00000
__Lram                                         ram          00000
__Lreset_vec                                   reset_vec    00000
__Lsfr0                                        sfr0         00000
__Lsfr1                                        sfr1         00000
__Lsfr10                                       sfr10        00000
__Lsfr11                                       sfr11        00000
__Lsfr12                                       sfr12        00000
__Lsfr13                                       sfr13        00000
__Lsfr14                                       sfr14        00000
__Lsfr15                                       sfr15        00000
__Lsfr16                                       sfr16        00000
__Lsfr17                                       sfr17        00000
__Lsfr18                                       sfr18        00000
__Lsfr19                                       sfr19        00000
__Lsfr2                                        sfr2         00000
__Lsfr20                                       sfr20        00000
__Lsfr21                                       sfr21        00000
__Lsfr22                                       sfr22        00000
__Lsfr23                                       sfr23        00000
__Lsfr24                                       sfr24        00000
__Lsfr25                                       sfr25        00000
__Lsfr26                                       sfr26        00000
__Lsfr27                                       sfr27        00000
__Lsfr28                                       sfr28        00000
__Lsfr29                                       sfr29        00000
__Lsfr3                                        sfr3         00000
__Lsfr30                                       sfr30        00000
__Lsfr31                                       sfr31        00000
__Lsfr4                                        sfr4         00000
__Lsfr5                                        sfr5         00000
__Lsfr6                                        sfr6         00000
__Lsfr7                                        sfr7         00000
__Lsfr8                                        sfr8         00000
__Lsfr9                                        sfr9         00000
__Lsivt                                        sivt         00002
__Lspace_0                                     (abs)        00000
__Lspace_1                                     (abs)        00000
__Lspace_2                                     (abs)        00000
__Lspace_3                                     (abs)        00000
__Lspace_4                                     (abs)        00000
__Lstack                                       stack        00000
__Lstrings                                     strings      00000
__Lstringtext1                                 stringtext1  00000
__Ltext                                        text         00000
__S0                                           (abs)        0080C
__S1                                           (abs)        0007E
__S3                                           (abs)        00000
__Umul8_16                                     text5        00297
__Umul8_16@multiplicand                        cstackCOMMON 00070
__Umul8_16@multiplier                          cstackCOMMON 00078
__Umul8_16@product                             cstackCOMMON 00074
__Umul8_16@word_mpld                           cstackCOMMON 00076
___fldiv                                       text6        0040D
___fldiv@a                                     cstackBANK0  00040
___fldiv@aexp                                  cstackBANK0  00059
___fldiv@b                                     cstackBANK0  00044
___fldiv@bexp                                  cstackBANK0  00058
___fldiv@grs                                   cstackBANK0  00054
___fldiv@new_exp                               cstackBANK0  00052
___fldiv@rem                                   cstackBANK0  0004D
___fldiv@sign                                  cstackBANK0  00051
___flmul                                       text4        005B7
___flmul@a                                     cstackBANK0  0002A
___flmul@aexp                                  cstackBANK0  00038
___flmul@b                                     cstackBANK0  00026
___flmul@bexp                                  cstackBANK0  00039
___flmul@grs                                   cstackBANK0  00034
___flmul@prod                                  cstackBANK0  0003A
___flmul@sign                                  cstackBANK0  00033
___flmul@temp                                  cstackBANK0  0003E
___heap_hi                                     (abs)        00000
___heap_lo                                     (abs)        00000
___int_sp                                      stack        00000
___int_stack_hi                                stack        00000
___int_stack_lo                                stack        00000
___latbits                                     (abs)        00001
___sp                                          stack        00000
___stack_hi                                    stack        00000
___stack_lo                                    stack        00000
___stackhi                                     (abs)        00000
___stacklo                                     (abs)        00000
___xxtofl                                      text3        00362
___xxtofl@arg                                  cstackBANK0  00022
___xxtofl@exp                                  cstackBANK0  00021
___xxtofl@sign                                 cstackBANK0  00020
___xxtofl@val                                  cstackCOMMON 00074
__end_of_ADC_GetConversion                     text22       00243
__end_of_ADC_Initialize                        text19       001E3
__end_of_CLOCK_Initialize                      text18       001C7
__end_of_ECCP1_CaptureRead                     text21       001D9
__end_of_ECCP1_Initialize                      text17       001CF
__end_of_ECCP1_IsCapturedDataReady             text20       00207
__end_of_ECCP2_Initialize                      text16       001FA
__end_of_ECCP2_LoadDutyValue                   text2        0025E
__end_of_FVR_Initialize                        text15       001AD
__end_of_INTERRUPT_Initialize                  text13       001EE
__end_of_INT_SetInterruptHandler               text14       001B3
__end_of_PIN_MANAGER_Initialize                text12       00297
__end_of_SYSTEM_Initialize                     text7        0027A
__end_of_TMR1_Initialize                       text10       0022B
__end_of_TMR1_OverflowCallbackRegister         text11       001B9
__end_of_TMR2_Initialize                       text8        00216
__end_of_TMR2_OverflowCallbackRegister         text9        001BF
__end_of__Umul8_16                             text5        002BA
__end_of___fldiv                               text6        005B7
__end_of___flmul                               text4        007F2
__end_of___xxtofl                              text3        0040D
__end_of__initialization                       cinit        007FD
__end_of_inc_dec                               text1        002FE
__end_of_main                                  maintext     00362
__end_of_tmr1                                  stringtext1  0080C
__initialization                               cinit        007F2
__pbssBANK0                                    bssBANK0     00066
__pbssCOMMON                                   bssCOMMON    0007C
__pcstackBANK0                                 cstackBANK0  00020
__pcstackCOMMON                                cstackCOMMON 00070
__pmaintext                                    maintext     002FE
__pnvBANK0                                     nvBANK0      0005E
__pstringtext1                                 stringtext1  00800
__ptext1                                       text1        002BA
__ptext10                                      text10       00216
__ptext11                                      text11       001B3
__ptext12                                      text12       0027A
__ptext13                                      text13       001E3
__ptext14                                      text14       001AD
__ptext15                                      text15       001A9
__ptext16                                      text16       001EE
__ptext17                                      text17       001C7
__ptext18                                      text18       001BF
__ptext19                                      text19       001D9
__ptext2                                       text2        00243
__ptext20                                      text20       001FA
__ptext21                                      text21       001CF
__ptext22                                      text22       0022B
__ptext3                                       text3        00362
__ptext4                                       text4        005B7
__ptext5                                       text5        00297
__ptext6                                       text6        0040D
__ptext7                                       text7        0025E
__ptext8                                       text8        00207
__ptext9                                       text9        001B9
_inc_dec                                       text1        002BA
_ldr_voltage                                   nvBANK0      0005E
_main                                          maintext     002FE
_rpm                                           bssBANK0     00066
_timer1ReloadVal                               bssBANK0     0006C
btemp                                          (abs)        0007E
end_of_initialization                          cinit        007FD
inc_dec@pwm_duty                               bssCOMMON    0007C
intlevel0                                      functab      00000
intlevel1                                      functab      00000
intlevel2                                      functab      00000
intlevel3                                      functab      00000
intlevel4                                      functab      00000
intlevel5                                      functab      00000
reset_vec                                      reset_vec    00000
start                                          init         00002
start_initialization                           cinit        007F2
wtemp0                                         (abs)        0007E


MODULE INFORMATION

Module		Function		Class		Link	Load	Size
C:\Program Files\Microchip\xc8\v2.46\pic\sources\c99\common\Umul8_16.c
		__Umul8_16     		CODE           	0297	0000	35

C:\Program Files\Microchip\xc8\v2.46\pic\sources\c99\common\Umul8_16.c estimated size: 35

mcc_generated_files/capture/src/eccp1.c
		_ECCP1_IsCapturedDataReady		CODE           	01FA	0000	13
		_ECCP1_CaptureRead		CODE           	01CF	0000	10
		_ECCP1_Initialize		CODE           	01C7	0000	8

mcc_generated_files/capture/src/eccp1.c estimated size: 31

C:\Program Files\Microchip\xc8\v2.46\pic\sources\c99\common\xxtofl.c
		___xxtofl      		CODE           	0362	0000	171

C:\Program Files\Microchip\xc8\v2.46\pic\sources\c99\common\xxtofl.c estimated size: 171

mcc_generated_files/timer/src/tmr1.c
		_TMR1_Initialize		CODE           	0216	0000	21
		_TMR1_OverflowCallbackRegister		CODE           	01B3	0000	6

mcc_generated_files/timer/src/tmr1.c estimated size: 27

mcc_generated_files/system/src/interrupt.c
		_INT_SetInterruptHandler		CODE           	01AD	0000	6
		_INTERRUPT_Initialize		CODE           	01E3	0000	11

mcc_generated_files/system/src/interrupt.c estimated size: 17

C:\Program Files\Microchip\xc8\v2.46\pic\sources\c99\common\sprcmul.c
		___flmul       		CODE           	05B7	0000	571

C:\Program Files\Microchip\xc8\v2.46\pic\sources\c99\common\sprcmul.c estimated size: 571

C:\Program Files\Microchip\xc8\v2.46\pic\sources\c99\common\sprcdiv.c
		___fldiv       		CODE           	040D	0000	426

C:\Program Files\Microchip\xc8\v2.46\pic\sources\c99\common\sprcdiv.c estimated size: 426

mcc_generated_files/adc/src/adc.c
		_ADC_Initialize		CODE           	01D9	0000	10
		_ADC_GetConversion		CODE           	022B	0000	24

mcc_generated_files/adc/src/adc.c estimated size: 34

mcc_generated_files/pwm/src/eccp2.c
		_ECCP2_LoadDutyValue		CODE           	0243	0000	27
		_ECCP2_Initialize		CODE           	01EE	0000	12

mcc_generated_files/pwm/src/eccp2.c estimated size: 39

mcc_generated_files/system/src/pins.c
		_PIN_MANAGER_Initialize		CODE           	027A	0000	29

mcc_generated_files/system/src/pins.c estimated size: 29

shared
		__initialization		CODE           	07F2	0000	11
		_tmr1          		STRCODE        	0000	0000	0

shared estimated size: 11

mcc_generated_files/timer/src/tmr2.c
		_TMR2_Initialize		CODE           	0207	0000	15
		_TMR2_OverflowCallbackRegister		CODE           	01B9	0000	6

mcc_generated_files/timer/src/tmr2.c estimated size: 21

mcc_generated_files/system/src/clock.c
		_CLOCK_Initialize		CODE           	01BF	0000	8

mcc_generated_files/system/src/clock.c estimated size: 8

main.c
		_inc_dec       		CODE           	02BA	0000	68
		_main          		CODE           	02FE	0000	100

main.c estimated size: 168

mcc_generated_files/fvr/src/fvr.c
		_FVR_Initialize		CODE           	01A9	0000	4

mcc_generated_files/fvr/src/fvr.c estimated size: 4

mcc_generated_files/system/src/system.c
		_SYSTEM_Initialize		CODE           	025E	0000	28

mcc_generated_files/system/src/system.c estimated size: 28

