Microchip MPLAB XC8 Compiler V2.46

Linker command line:

-W-3 --edf=/opt/microchip/xc8/v2.46/pic/dat/20240104201356_en.msgs -cn \
  -h+dist/default/debug/tp9.X.debug.sym \
  --cmf=dist/default/debug/tp9.X.debug.cmf -z -Q16F1827 \
  -o/tmp/xcXmaNaNK/driver_tmp_3.o --defsym=__MPLAB_BUILD=1 \
  --fixupoverflow=error -Mdist/default/debug/tp9.X.debug.map \
  --md=/tmp/xcXmaNaNK/driver_tmp_0.dat -E1 -ver=XC8 Compiler --acfsm=1493 \
  -ACODE=00h-07FFhx2 -ASTRCODE=00h-0FFFh -ASTRING=00h-0FFhx16 \
  -ACONST=00h-0FFhx16 -AENTRY=00h-0FFhx16 -ACOMMON=070h-07Fh \
  -ABANK0=020h-06Fh -ABANK1=0A0h-0EFh -ABANK2=0120h-016Fh \
  -ABANK3=01A0h-01EFh -ABANK4=0220h-024Fh -ABIGRAM=02000h-0216Fh \
  -ARAM=020h-06Fh,0A0h-0EFh,0120h-016Fh,01A0h-01EFh,0220h-024Fh \
  -AABS1=020h-07Fh,0A0h-0EFh,0120h-016Fh,01A0h-01EFh,0220h-024Fh \
  -ASFR0=00h-01Fh -ASFR1=080h-09Fh -ASFR2=0100h-011Fh -ASFR3=0180h-019Fh \
  -ASFR4=0200h-021Fh -ASFR5=0280h-02EFh -ASFR6=0300h-036Fh \
  -ASFR7=0380h-03EFh -ASFR8=0400h-046Fh -ASFR9=0480h-04EFh \
  -ASFR10=0500h-056Fh -ASFR11=0580h-05EFh -ASFR12=0600h-066Fh \
  -ASFR13=0680h-06EFh -ASFR14=0700h-076Fh -ASFR15=0780h-07EFh \
  -ASFR16=0800h-086Fh -ASFR17=0880h-08EFh -ASFR18=0900h-096Fh \
  -ASFR19=0980h-09EFh -ASFR20=0A00h-0A6Fh -ASFR21=0A80h-0AEFh \
  -ASFR22=0B00h-0B6Fh -ASFR23=0B80h-0BEFh -ASFR24=0C00h-0C6Fh \
  -ASFR25=0C80h-0CEFh -ASFR26=0D00h-0D6Fh -ASFR27=0D80h-0DEFh \
  -ASFR28=0E00h-0E6Fh -ASFR29=0E80h-0EEFh -ASFR30=0F00h-0F6Fh \
  -ASFR31=0F80h-0FEFh -ACONFIG=08007h-08008h -DCONFIG=2 \
  -AIDLOC=08000h-08003h -DIDLOC=2 -AEEDATA=00h-0FFh/0F000h \
  -peeprom_data=EEDATA -DEEDATA=2 -DCODE=2 -DSTRCODE=2 -DSTRING=2 -DCONST=2 \
  -DENTRY=2 -preset_vec=00h,intentry,sivt,init,end_init -ppowerup=CODE \
  -pcinit=CODE -pfunctab=ENTRY -k /tmp/xcXmaNaNK/driver_tmp_15.o \
  dist/default/debug/tp9.X.debug.o 

Object code version is 3.11

Machine type is 16F1827



                Name                               Link     Load   Length Selector   Space Scale
/tmp/xcXmaNaNK/driver_tmp_15.o
                end_init                              2        2        2        0       0
                reset_vec                             0        0        2        0       0
                config                             8007     8007        2        0       4
dist/default/debug/tp9.X.debug.o
                cinit                               7F4      7F4        C      FE8       0
                config                             8007     8007        2        0       4
                text20                              45E      45E        6      8BC       0
                text19                              464      464        6      8C8       0
                text18                              46A      46A        6      8D4       0
                text17                              4EA      4EA       22      9D4       0
                text16                              495      495        C      92A       0
                text15                              4D2      4D2       18      9A4       0
                text14                              455      455        4      8AA       0
                text13                              4A1      4A1        D      942       0
                text12                              476      476        A      8EC       0
                text11                              4BD      4BD       15      97A       0
                text10                              536      536       2E      A6C       0
                text9                               48A      48A        B      914       0
                text8                               63F      63F       B7      C7E       0
                text7                               4AE      4AE        F      95C       0
                text6                               459      459        5      8B2       0
                text5                               59C      59C       48      B38       0
                text4                               480      480        A      900       0
                text3                               50C      50C       2A      A18       0
                text2                               5E4      5E4       5B      BC8       0
                text1                               6F6      6F6       FE      DEC       0
                maintext                            564      564       38      AC8       0
                cstackBANK0                          3E       3E        C       20       1
                cstackCOMMON                         70       70        D       70       1
                clrtext                             470      470        6      8E0       0
                bssBANK0                             20       20       1E       20       1
                bssCOMMON                            7D       7D        1       70       1
                bssEEDATA                             0     F000       DC    1E000       3
                stringtext8                         8E3      8E3        9     1000       0
                stringtext7                         8BE      8BE       16     1000       0
                stringtext6                         8A2      8A2       1C     1000       0
                stringtext5                         87E      87E       24     1000       0
                stringtext4                         858      858       26     1000       0
                stringtext3                         832      832       26     1000       0
                stringtext2                         8D4      8D4        F     1000       0
                stringtext1                         800      800       32     1000       0

TOTAL           Name                               Link     Load   Length     Space
        CLASS   CODE           
                end_init                              2        2        2         0
                cinit                               7F4      7F4        C         0
                reset_vec                             0        0        2         0
                text20                              45E      45E        6         0
                text19                              464      464        6         0
                text18                              46A      46A        6         0
                text17                              4EA      4EA       22         0
                text16                              495      495        C         0
                text15                              4D2      4D2       18         0
                text14                              455      455        4         0
                text13                              4A1      4A1        D         0
                text12                              476      476        A         0
                text11                              4BD      4BD       15         0
                text10                              536      536       2E         0
                text9                               48A      48A        B         0
                text8                               63F      63F       B7         0
                text7                               4AE      4AE        F         0
                text6                               459      459        5         0
                text5                               59C      59C       48         0
                text4                               480      480        A         0
                text3                               50C      50C       2A         0
                text2                               5E4      5E4       5B         0
                text1                               6F6      6F6       FE         0
                maintext                            564      564       38         0
                clrtext                             470      470        6         0

        CLASS   STRCODE        
                stringtext8                         8E3      8E3        9         0
                stringtext7                         8BE      8BE       16         0
                stringtext6                         8A2      8A2       1C         0
                stringtext5                         87E      87E       24         0
                stringtext4                         858      858       26         0
                stringtext3                         832      832       26         0
                stringtext2                         8D4      8D4        F         0
                stringtext1                         800      800       32         0

        CLASS   STRING         

        CLASS   CONST          

        CLASS   ENTRY          

        CLASS   COMMON         
                cstackCOMMON                         70       70        D         1
                bssCOMMON                            7D       7D        1         1

        CLASS   BANK0          
                cstackBANK0                          3E       3E        C         1
                bssBANK0                             20       20       1E         1

        CLASS   BANK1          

        CLASS   BANK2          

        CLASS   BANK3          

        CLASS   BANK4          

        CLASS   BIGRAM         

        CLASS   RAM            

        CLASS   ABS1           
                abs_s1                               7E       7E        2         1

        CLASS   SFR0           

        CLASS   SFR1           

        CLASS   SFR2           

        CLASS   SFR3           

        CLASS   SFR4           

        CLASS   SFR5           

        CLASS   SFR6           

        CLASS   SFR7           

        CLASS   SFR8           

        CLASS   SFR9           

        CLASS   SFR10          

        CLASS   SFR11          

        CLASS   SFR12          

        CLASS   SFR13          

        CLASS   SFR14          

        CLASS   SFR15          

        CLASS   SFR16          

        CLASS   SFR17          

        CLASS   SFR18          

        CLASS   SFR19          

        CLASS   SFR20          

        CLASS   SFR21          

        CLASS   SFR22          

        CLASS   SFR23          

        CLASS   SFR24          

        CLASS   SFR25          

        CLASS   SFR26          

        CLASS   SFR27          

        CLASS   SFR28          

        CLASS   SFR29          

        CLASS   SFR30          

        CLASS   SFR31          

        CLASS   CONFIG         
                config                             8007     8007        2         4

        CLASS   IDLOC          

        CLASS   EEDATA         
                bssEEDATA                             0     F000       DC         3

        CLASS   BANK31         

        CLASS   BANK30         

        CLASS   BANK29         

        CLASS   BANK28         

        CLASS   BANK27         

        CLASS   BANK26         

        CLASS   BANK25         

        CLASS   BANK24         

        CLASS   BANK23         

        CLASS   BANK22         

        CLASS   BANK21         

        CLASS   BANK20         

        CLASS   BANK19         

        CLASS   BANK18         

        CLASS   BANK17         

        CLASS   BANK16         

        CLASS   BANK15         

        CLASS   BANK14         

        CLASS   BANK13         

        CLASS   BANK12         

        CLASS   BANK11         

        CLASS   BANK10         

        CLASS   BANK9          

        CLASS   BANK8          

        CLASS   BANK7          

        CLASS   BANK6          

        CLASS   BANK5          

        CLASS   HEAP           

        CLASS   STACK          



SEGMENTS        Name                           Load    Length   Top    Selector   Space  Class     Delta

                text13                         0004A1  00000D  0004AE       942       0  CODE        2
                text11                         0004BD  000015  0004D2       97A       0  CODE        2
                text7                          0004AE  00000F  0004BD       95C       0  CODE        2
                reset_vec                      000000  000004  000004         0       0  CODE        2
                text16                         000495  00000C  0004A1       92A       0  CODE        2
                text15                         0004D2  000018  0004EA       9A4       0  CODE        2
                text17                         0004EA  000022  00050C       9D4       0  CODE        2
                text3                          00050C  00002A  000536       A18       0  CODE        2
                text4                          000480  00000A  00048A       900       0  CODE        2
                clrtext                        000470  000006  000476       8E0       0  CODE        2
                text12                         000476  00000A  000480       8EC       0  CODE        2
                text9                          00048A  00000B  000495       914       0  CODE        2
                text10                         000536  00002E  000564       A6C       0  CODE        2
                text5                          00059C  000048  0005E4       B38       0  CODE        2
                maintext                       000564  000038  00059C       AC8       0  CODE        2
                stringtext1                    000800  0000EC  0008EC      1000       0  STRCODE     2
                text19                         000464  000006  00046A       8C8       0  CODE        2
                text14                         000455  000004  000459       8AA       0  CODE        2
                text6                          000459  000005  00045E       8B2       0  CODE        2
                text20                         00045E  000006  000464       8BC       0  CODE        2
                text18                         00046A  000006  000470       8D4       0  CODE        2
                text2                          0005E4  00005B  00063F       BC8       0  CODE        2
                bssBANK0                       000020  00002A  00004A        20       1  BANK0       1
                cstackCOMMON                   000070  00000E  00007E        70       1  COMMON      1
                bssEEDATA                      00F000  0000DC  00F0DC     1E000       3  EEDATA      2
                cinit                          0007F4  00000C  000800       FE8       0  CODE        2
                text8                          00063F  0000B7  0006F6       C7E       0  CODE        2
                text1                          0006F6  0000FE  0007F4       DEC       0  CODE        2


UNUSED ADDRESS RANGES

        Name                Unused          Largest block    Delta
        BANK0            0004A-0006F              26           1
        BANK1            000A0-000EF              50           1
        BANK2            00120-0016F              50           1
        BANK3            001A0-001EF              50           1
        BANK4            00220-0024F              30           1
        BIGRAM           02000-0216F             170           1
        CODE             00004-00454             451           2
                         008EC-00FFF             714
        CONST            00004-00454             100           2
                         008EC-00FFF             100
        EEDATA           0F0DC-0F0FF              24           2
        ENTRY            00004-00454             100           2
                         008EC-00FFF             100
        IDLOC            08000-08003               4           2
        RAM              0004A-0006F              26           1
                         000A0-000EF              50
                         00120-0016F              50
                         001A0-001EF              50
                         00220-0024F              30
        SFR0             00000-0001F              20           1
        SFR1             00080-0009F              20           1
        SFR10            00500-0056F              70           1
        SFR11            00580-005EF              70           1
        SFR12            00600-0066F              70           1
        SFR13            00680-006EF              70           1
        SFR14            00700-0076F              70           1
        SFR15            00780-007EF              70           1
        SFR16            00800-0086F              70           1
        SFR17            00880-008EF              70           1
        SFR18            00900-0096F              70           1
        SFR19            00980-009EF              70           1
        SFR2             00100-0011F              20           1
        SFR20            00A00-00A6F              70           1
        SFR21            00A80-00AEF              70           1
        SFR22            00B00-00B6F              70           1
        SFR23            00B80-00BEF              70           1
        SFR24            00C00-00C6F              70           1
        SFR25            00C80-00CEF              70           1
        SFR26            00D00-00D6F              70           1
        SFR27            00D80-00DEF              70           1
        SFR28            00E00-00E6F              70           1
        SFR29            00E80-00EEF              70           1
        SFR3             00180-0019F              20           1
        SFR30            00F00-00F6F              70           1
        SFR31            00F80-00FEF              70           1
        SFR4             00200-0021F              20           1
        SFR5             00280-002EF              70           1
        SFR6             00300-0036F              70           1
        SFR7             00380-003EF              70           1
        SFR8             00400-0046F              70           1
        SFR9             00480-004EF              70           1
        STRCODE          00004-00454             451           2
                         008EC-00FFF             714
        STRING           00004-00454             100           2
                         008EC-00FFF             100

                                  Symbol Table

EUSART_SetErrorHandler@interruptHandler        cstackCOMMON 00070
EUSART_SetFramingErrorHandler@interruptHandler cstackCOMMON 00070
EUSART_SetOverrunErrorHandler@interruptHandler cstackCOMMON 00070
EUSART_Write@txData                            cstackCOMMON 00070
_ANSELA                                        (abs)        0018C
_ANSELB                                        (abs)        0018D
_APFCON0                                       (abs)        0011D
_APFCON1                                       (abs)        0011E
_BAUDCON                                       (abs)        0019F
_BORCON                                        (abs)        00116
_EEADR                                         (abs)        00191
_EEADRH                                        (abs)        00192
_EEADRL                                        (abs)        00191
_EECON1                                        (abs)        00195
_EECON1bits                                    (abs)        00195
_EECON2                                        (abs)        00196
_EEDATA                                        (abs)        00193
_EEDATH                                        (abs)        00194
_EEDATL                                        (abs)        00193
_EUSART_DefaultErrorHandler                    (abs)        00000
_EUSART_DefaultFramingErrorHandler             (abs)        00000
_EUSART_DefaultOverrunErrorHandler             (abs)        00000
_EUSART_ErrorHandler                           bssBANK0     00035
_EUSART_FramingErrorHandler                    bssBANK0     00039
_EUSART_Initialize                             text17       004EA
_EUSART_OverrunErrorHandler                    bssBANK0     00037
_EUSART_Read                                   text7        004AE
_EUSART_SetErrorHandler                        text20       0045E
_EUSART_SetFramingErrorHandler                 text19       00464
_EUSART_SetOverrunErrorHandler                 text18       0046A
_EUSART_Write                                  text12       00476
_EUSART_is_rx_ready                            text6        00459
_INTCONbits                                    (abs)        0000B
_LATA                                          (abs)        0010C
_LATB                                          (abs)        0010D
_OPTION_REGbits                                (abs)        00095
_OSCCON                                        (abs)        00099
_OSCILLATOR_Initialize                         text16       00495
_OSCTUNE                                       (abs)        00098
_PIN_MANAGER_Initialize                        text15       004D2
_PIR1bits                                      (abs)        00011
_PLLR                                          (abs)        004D6
_RCREG                                         (abs)        00199
_RCSTA                                         (abs)        0019D
_RCSTAbits                                     (abs)        0019D
_SPBRGH                                        (abs)        0019C
_SPBRGL                                        (abs)        0019B
_STATUSbits                                    (abs)        00003
_SYSTEM_Initialize                             text13       004A1
_TRISA                                         (abs)        0008C
_TRISB                                         (abs)        0008D
_TXREG                                         (abs)        0019A
_TXSTA                                         (abs)        0019E
_TXSTAbits                                     (abs)        0019E
_WDTCON                                        (abs)        00097
_WDT_Initialize                                text14       00455
_WPUA                                          (abs)        0020C
_WPUB                                          (abs)        0020D
__H__absolute__                                __absolute__ 00000
__Habs1                                        abs1         00000
__Hbank0                                       bank0        00000
__Hbank1                                       bank1        00000
__Hbank10                                      bank10       00000
__Hbank11                                      bank11       00000
__Hbank12                                      bank12       00000
__Hbank13                                      bank13       00000
__Hbank14                                      bank14       00000
__Hbank15                                      bank15       00000
__Hbank16                                      bank16       00000
__Hbank17                                      bank17       00000
__Hbank18                                      bank18       00000
__Hbank19                                      bank19       00000
__Hbank2                                       bank2        00000
__Hbank20                                      bank20       00000
__Hbank21                                      bank21       00000
__Hbank22                                      bank22       00000
__Hbank23                                      bank23       00000
__Hbank24                                      bank24       00000
__Hbank25                                      bank25       00000
__Hbank26                                      bank26       00000
__Hbank27                                      bank27       00000
__Hbank28                                      bank28       00000
__Hbank29                                      bank29       00000
__Hbank3                                       bank3        00000
__Hbank30                                      bank30       00000
__Hbank31                                      bank31       00000
__Hbank4                                       bank4        00000
__Hbank5                                       bank5        00000
__Hbank6                                       bank6        00000
__Hbank7                                       bank7        00000
__Hbank8                                       bank8        00000
__Hbank9                                       bank9        00000
__Hbigram                                      bigram       00000
__HbssBANK0                                    bssBANK0     00000
__HbssCOMMON                                   bssCOMMON    00000
__HbssEEDATA                                   bssEEDATA    00000
__Hcinit                                       cinit        00800
__Hclrtext                                     clrtext      00000
__Hcode                                        code         00000
__Hcommon                                      common       00000
__Hconfig                                      config       08009
__HcstackBANK0                                 cstackBANK0  00000
__HcstackCOMMON                                cstackCOMMON 00000
__Heeprom_data                                 eeprom_data  00000
__Hend_init                                    end_init     00004
__Hfunctab                                     functab      00000
__Hheap                                        heap         00000
__Hinit                                        init         00002
__Hintentry                                    intentry     00002
__Hmaintext                                    maintext     00000
__Hpowerup                                     powerup      00000
__Hram                                         ram          00000
__Hreset_vec                                   reset_vec    00002
__Hsfr0                                        sfr0         00000
__Hsfr1                                        sfr1         00000
__Hsfr10                                       sfr10        00000
__Hsfr11                                       sfr11        00000
__Hsfr12                                       sfr12        00000
__Hsfr13                                       sfr13        00000
__Hsfr14                                       sfr14        00000
__Hsfr15                                       sfr15        00000
__Hsfr16                                       sfr16        00000
__Hsfr17                                       sfr17        00000
__Hsfr18                                       sfr18        00000
__Hsfr19                                       sfr19        00000
__Hsfr2                                        sfr2         00000
__Hsfr20                                       sfr20        00000
__Hsfr21                                       sfr21        00000
__Hsfr22                                       sfr22        00000
__Hsfr23                                       sfr23        00000
__Hsfr24                                       sfr24        00000
__Hsfr25                                       sfr25        00000
__Hsfr26                                       sfr26        00000
__Hsfr27                                       sfr27        00000
__Hsfr28                                       sfr28        00000
__Hsfr29                                       sfr29        00000
__Hsfr3                                        sfr3         00000
__Hsfr30                                       sfr30        00000
__Hsfr31                                       sfr31        00000
__Hsfr4                                        sfr4         00000
__Hsfr5                                        sfr5         00000
__Hsfr6                                        sfr6         00000
__Hsfr7                                        sfr7         00000
__Hsfr8                                        sfr8         00000
__Hsfr9                                        sfr9         00000
__Hsivt                                        sivt         00002
__Hspace_0                                     (abs)        008EC
__Hspace_1                                     (abs)        0007E
__Hspace_2                                     (abs)        00000
__Hspace_3                                     (abs)        000DC
__Hspace_4                                     (abs)        10010
__Hstack                                       stack        00000
__Hstrings                                     strings      00000
__Hstringtext1                                 stringtext1  00000
__Hstringtext2                                 stringtext2  00000
__Hstringtext3                                 stringtext3  00000
__Hstringtext4                                 stringtext4  00000
__Hstringtext5                                 stringtext5  00000
__Hstringtext6                                 stringtext6  00000
__Hstringtext7                                 stringtext7  00000
__Hstringtext8                                 stringtext8  00000
__Htext                                        text         00000
__L__absolute__                                __absolute__ 00000
__Labs1                                        abs1         00000
__Lbank0                                       bank0        00000
__Lbank1                                       bank1        00000
__Lbank10                                      bank10       00000
__Lbank11                                      bank11       00000
__Lbank12                                      bank12       00000
__Lbank13                                      bank13       00000
__Lbank14                                      bank14       00000
__Lbank15                                      bank15       00000
__Lbank16                                      bank16       00000
__Lbank17                                      bank17       00000
__Lbank18                                      bank18       00000
__Lbank19                                      bank19       00000
__Lbank2                                       bank2        00000
__Lbank20                                      bank20       00000
__Lbank21                                      bank21       00000
__Lbank22                                      bank22       00000
__Lbank23                                      bank23       00000
__Lbank24                                      bank24       00000
__Lbank25                                      bank25       00000
__Lbank26                                      bank26       00000
__Lbank27                                      bank27       00000
__Lbank28                                      bank28       00000
__Lbank29                                      bank29       00000
__Lbank3                                       bank3        00000
__Lbank30                                      bank30       00000
__Lbank31                                      bank31       00000
__Lbank4                                       bank4        00000
__Lbank5                                       bank5        00000
__Lbank6                                       bank6        00000
__Lbank7                                       bank7        00000
__Lbank8                                       bank8        00000
__Lbank9                                       bank9        00000
__Lbigram                                      bigram       00000
__LbssBANK0                                    bssBANK0     00000
__LbssCOMMON                                   bssCOMMON    00000
__LbssEEDATA                                   bssEEDATA    00000
__Lcinit                                       cinit        007F4
__Lclrtext                                     clrtext      00000
__Lcode                                        code         00000
__Lcommon                                      common       00000
__Lconfig                                      config       00000
__LcstackBANK0                                 cstackBANK0  00000
__LcstackCOMMON                                cstackCOMMON 00000
__Leeprom_data                                 eeprom_data  00000
__Lend_init                                    end_init     00002
__Lfunctab                                     functab      00000
__Lheap                                        heap         00000
__Linit                                        init         00002
__Lintentry                                    intentry     00002
__Lmaintext                                    maintext     00000
__Lpowerup                                     powerup      00000
__Lram                                         ram          00000
__Lreset_vec                                   reset_vec    00000
__Lsfr0                                        sfr0         00000
__Lsfr1                                        sfr1         00000
__Lsfr10                                       sfr10        00000
__Lsfr11                                       sfr11        00000
__Lsfr12                                       sfr12        00000
__Lsfr13                                       sfr13        00000
__Lsfr14                                       sfr14        00000
__Lsfr15                                       sfr15        00000
__Lsfr16                                       sfr16        00000
__Lsfr17                                       sfr17        00000
__Lsfr18                                       sfr18        00000
__Lsfr19                                       sfr19        00000
__Lsfr2                                        sfr2         00000
__Lsfr20                                       sfr20        00000
__Lsfr21                                       sfr21        00000
__Lsfr22                                       sfr22        00000
__Lsfr23                                       sfr23        00000
__Lsfr24                                       sfr24        00000
__Lsfr25                                       sfr25        00000
__Lsfr26                                       sfr26        00000
__Lsfr27                                       sfr27        00000
__Lsfr28                                       sfr28        00000
__Lsfr29                                       sfr29        00000
__Lsfr3                                        sfr3         00000
__Lsfr30                                       sfr30        00000
__Lsfr31                                       sfr31        00000
__Lsfr4                                        sfr4         00000
__Lsfr5                                        sfr5         00000
__Lsfr6                                        sfr6         00000
__Lsfr7                                        sfr7         00000
__Lsfr8                                        sfr8         00000
__Lsfr9                                        sfr9         00000
__Lsivt                                        sivt         00002
__Lspace_0                                     (abs)        00000
__Lspace_1                                     (abs)        00000
__Lspace_2                                     (abs)        00000
__Lspace_3                                     (abs)        00000
__Lspace_4                                     (abs)        00000
__Lstack                                       stack        00000
__Lstrings                                     strings      00000
__Lstringtext1                                 stringtext1  00000
__Lstringtext2                                 stringtext2  00000
__Lstringtext3                                 stringtext3  00000
__Lstringtext4                                 stringtext4  00000
__Lstringtext5                                 stringtext5  00000
__Lstringtext6                                 stringtext6  00000
__Lstringtext7                                 stringtext7  00000
__Lstringtext8                                 stringtext8  00000
__Ltext                                        text         00000
__S0                                           (abs)        008EC
__S1                                           (abs)        0007E
__S3                                           (abs)        0F0DC
___bmul                                        text11       004BD
___bmul@multiplicand                           cstackCOMMON 00070
___bmul@multiplier                             cstackCOMMON 00073
___bmul@product                                cstackCOMMON 00072
___ctoee                                       text4        00480
___ctoee@addr                                  cstackCOMMON 00077
___ctoee@data                                  cstackCOMMON 00076
___eecpymem                                    text10       00536
___eecpymem@cp                                 cstackCOMMON 00074
___eecpymem@from                               cstackCOMMON 00070
___eecpymem@size                               cstackCOMMON 00071
___eecpymem@to                                 cstackCOMMON 00075
___eetoc                                       text9        0048A
___eetoc@addr                                  cstackCOMMON 00076
___eetoc@data                                  cstackCOMMON 00077
___heap_hi                                     (abs)        00000
___heap_lo                                     (abs)        00000
___int_sp                                      stack        00000
___int_stack_hi                                stack        00000
___int_stack_lo                                stack        00000
___latbits                                     (abs)        00001
___memcpyee                                    text5        0059C
___memcpyee@from                               cstackCOMMON 00070
___memcpyee@ptr                                cstackCOMMON 00074
___memcpyee@size                               cstackCOMMON 00071
___memcpyee@to                                 cstackCOMMON 00075
___sp                                          stack        00000
___stack_hi                                    stack        00000
___stack_lo                                    stack        00000
___stackhi                                     (abs)        00000
___stacklo                                     (abs)        00000
__end_of_EUSART_Initialize                     text17       0050C
__end_of_EUSART_Read                           text7        004BD
__end_of_EUSART_SetErrorHandler                text20       00464
__end_of_EUSART_SetFramingErrorHandler         text19       0046A
__end_of_EUSART_SetOverrunErrorHandler         text18       00470
__end_of_EUSART_Write                          text12       00480
__end_of_EUSART_is_rx_ready                    text6        0045E
__end_of_OSCILLATOR_Initialize                 text16       004A1
__end_of_PIN_MANAGER_Initialize                text15       004EA
__end_of_SYSTEM_Initialize                     text13       004AE
__end_of_WDT_Initialize                        text14       00459
__end_of___bmul                                text11       004D2
__end_of___ctoee                               text4        0048A
__end_of___eecpymem                            text10       00564
__end_of___eetoc                               text9        00495
__end_of___memcpyee                            text5        005E4
__end_of__initialization                       cinit        007FD
__end_of_analisaRx                             text1        007F4
__end_of_enviaMsg                              text3        00536
__end_of_enviaNomes                            text8        006F6
__end_of_main                                  maintext     0059C
__end_of_msg0                                  stringtext1  00832
__end_of_msg1                                  stringtext7  008D4
__end_of_msg2                                  stringtext6  008BE
__end_of_msg3                                  stringtext8  008EC
__end_of_msg4                                  stringtext2  008E3
__end_of_msg5                                  stringtext4  0087E
__end_of_msg6                                  stringtext3  00858
__end_of_msg7                                  stringtext5  008A2
__end_of_recebeGuardaNome                      text2        0063F
__initialization                               cinit        007F4
__pbssBANK0                                    bssBANK0     00020
__pbssCOMMON                                   bssCOMMON    0007D
__pbssEEDATA                                   bssEEDATA    00000
__pcstackBANK0                                 cstackBANK0  0003E
__pcstackCOMMON                                cstackCOMMON 00070
__pmaintext                                    maintext     00564
__pstringtext1                                 stringtext1  00800
__pstringtext2                                 stringtext2  008D4
__pstringtext3                                 stringtext3  00832
__pstringtext4                                 stringtext4  00858
__pstringtext5                                 stringtext5  0087E
__pstringtext6                                 stringtext6  008A2
__pstringtext7                                 stringtext7  008BE
__pstringtext8                                 stringtext8  008E3
__ptext1                                       text1        006F6
__ptext10                                      text10       00536
__ptext11                                      text11       004BD
__ptext12                                      text12       00476
__ptext13                                      text13       004A1
__ptext14                                      text14       00455
__ptext15                                      text15       004D2
__ptext16                                      text16       00495
__ptext17                                      text17       004EA
__ptext18                                      text18       0046A
__ptext19                                      text19       00464
__ptext2                                       text2        005E4
__ptext20                                      text20       0045E
__ptext3                                       text3        0050C
__ptext4                                       text4        00480
__ptext5                                       text5        0059C
__ptext6                                       text6        00459
__ptext7                                       text7        004AE
__ptext8                                       text8        0063F
__ptext9                                       text9        0048A
_analisaRx                                     text1        006F6
_bufferRx                                      bssBANK0     0003B
_countName                                     bssBANK0     0003C
_countRx                                       bssCOMMON    0007D
_ee                                            bssEEDATA    00000
_enviaMsg                                      text3        0050C
_enviaNomes                                    text8        0063F
_eusartRxLastError                             bssBANK0     0003D
_main                                          maintext     00564
_msg1                                          stringtext7  008BE
_msg2                                          stringtext6  008A2
_msg3                                          stringtext8  008E3
_msg5                                          stringtext4  00858
_msg6                                          stringtext3  00832
_msg7                                          stringtext5  0087E
_recebeGuardaNome                              text2        005E4
analisaRx@i                                    cstackBANK0  00048
analisaRx@i_424                                cstackBANK0  00046
analisaRx@j                                    cstackBANK0  00044
btemp                                          (abs)        0007E
clear_ram0                                     clrtext      00470
end_of_initialization                          cinit        007FD
enviaMsg@i                                     cstackCOMMON 00076
enviaMsg@msg                                   cstackCOMMON 00071
enviaNomes@i                                   cstackBANK0  00042
enviaNomes@j                                   cstackBANK0  0003E
enviaNomes@j_411                               cstackBANK0  00040
intlevel0                                      functab      00000
intlevel1                                      functab      00000
intlevel2                                      functab      00000
intlevel3                                      functab      00000
intlevel4                                      functab      00000
intlevel5                                      functab      00000
main@rxChar                                    cstackCOMMON 0007C
recebeGuardaNome@countByte                     cstackCOMMON 0007A
recebeGuardaNome@nameRx                        bssBANK0     00020
recebeGuardaNome@rxChar                        cstackCOMMON 00079
reset_vec                                      reset_vec    00000
start                                          init         00002
start_initialization                           cinit        007F4
wtemp0                                         (abs)        0007E


MODULE INFORMATION

Module		Function		Class		Link	Load	Size
mcc_generated_files/pin_manager.c
		_PIN_MANAGER_Initialize		CODE           	04D2	0000	24

mcc_generated_files/pin_manager.c estimated size: 24

/opt/microchip/xc8/v2.46/pic/sources/c99/common/Umul8.c
		___bmul        		CODE           	04BD	0000	21

/opt/microchip/xc8/v2.46/pic/sources/c99/common/Umul8.c estimated size: 21

shared
		_msg0          		STRCODE        	0000	0000	0
		_msg1          		STRCODE        	08BE	0000	22
		_msg2          		STRCODE        	08A2	0000	28
		__initialization		CODE           	07F4	0000	9
		_msg3          		STRCODE        	08E3	0000	9
		_msg4          		STRCODE        	0000	0000	0
		_msg5          		STRCODE        	0858	0000	38
		_msg6          		STRCODE        	0832	0000	38
		_msg7          		STRCODE        	087E	0000	36

shared estimated size: 180

mcc_generated_files/mcc.c
		_WDT_Initialize		CODE           	0455	0000	4
		_OSCILLATOR_Initialize		CODE           	0495	0000	12
		_SYSTEM_Initialize		CODE           	04A1	0000	13

mcc_generated_files/mcc.c estimated size: 29

mcc_generated_files/eusart.c
		_EUSART_Read   		CODE           	04AE	0000	15
		_EUSART_Write  		CODE           	0476	0000	10
		_EUSART_Initialize		CODE           	04EA	0000	34
		_EUSART_SetFramingErrorHandler		CODE           	0464	0000	6
		_EUSART_SetErrorHandler		CODE           	045E	0000	6
		_EUSART_SetOverrunErrorHandler		CODE           	046A	0000	6
		_EUSART_is_rx_ready		CODE           	0459	0000	5

mcc_generated_files/eusart.c estimated size: 82

main.c
		_analisaRx     		CODE           	06F6	0000	254
		_main          		CODE           	0564	0000	56
		_enviaNomes    		CODE           	063F	0000	183
		_enviaMsg      		CODE           	050C	0000	42
		_recebeGuardaNome		CODE           	05E4	0000	91

main.c estimated size: 626

/opt/microchip/xc8/v2.46/pic/sources/c99/pic/__eeprom.c
		___memcpyee    		CODE           	059C	0000	72
		___eetoc       		CODE           	048A	0000	11
		___ctoee       		CODE           	0480	0000	10
		___eecpymem    		CODE           	0536	0000	46

/opt/microchip/xc8/v2.46/pic/sources/c99/pic/__eeprom.c estimated size: 139

