Microchip MPLAB XC8 Compiler V2.46

Linker command line:

-W-3 --edf=/opt/microchip/xc8/v2.46/pic/dat/20240104201356_en.msgs -cn \
  -h+dist/default/debug/tp8.X.debug.sym \
  --cmf=dist/default/debug/tp8.X.debug.cmf -z -Q16F1827 \
  -o/tmp/xcXJDbHog/driver_tmp_3.o --defsym=__MPLAB_BUILD=1 \
  --fixupoverflow=error -Mdist/default/debug/tp8.X.debug.map \
  --md=/tmp/xcXJDbHog/driver_tmp_0.dat -E1 -ver=XC8 Compiler --acfsm=1493 \
  -ACODE=00h-07FFhx2 -ASTRCODE=00h-0FFFh -ASTRING=00h-0FFhx16 \
  -ACONST=00h-0FFhx16 -AENTRY=00h-0FFhx16 -ACOMMON=070h-07Fh \
  -ABANK0=020h-06Fh -ABANK1=0A0h-0EFh -ABANK2=0120h-016Fh \
  -ABANK3=01A0h-01EFh -ABANK4=0220h-024Fh -ABIGRAM=02000h-0216Fh \
  -ARAM=020h-06Fh,0A0h-0EFh,0120h-016Fh,01A0h-01EFh,0220h-024Fh \
  -AABS1=020h-07Fh,0A0h-0EFh,0120h-016Fh,01A0h-01EFh,0220h-024Fh \
  -ASFR0=00h-01Fh -ASFR1=080h-09Fh -ASFR2=0100h-011Fh -ASFR3=0180h-019Fh \
  -ASFR4=0200h-021Fh -ASFR5=0280h-02EFh -ASFR6=0300h-036Fh \
  -ASFR7=0380h-03EFh -ASFR8=0400h-046Fh -ASFR9=0480h-04EFh \
  -ASFR10=0500h-056Fh -ASFR11=0580h-05EFh -ASFR12=0600h-066Fh \
  -ASFR13=0680h-06EFh -ASFR14=0700h-076Fh -ASFR15=0780h-07EFh \
  -ASFR16=0800h-086Fh -ASFR17=0880h-08EFh -ASFR18=0900h-096Fh \
  -ASFR19=0980h-09EFh -ASFR20=0A00h-0A6Fh -ASFR21=0A80h-0AEFh \
  -ASFR22=0B00h-0B6Fh -ASFR23=0B80h-0BEFh -ASFR24=0C00h-0C6Fh \
  -ASFR25=0C80h-0CEFh -ASFR26=0D00h-0D6Fh -ASFR27=0D80h-0DEFh \
  -ASFR28=0E00h-0E6Fh -ASFR29=0E80h-0EEFh -ASFR30=0F00h-0F6Fh \
  -ASFR31=0F80h-0FEFh -ACONFIG=08007h-08008h -DCONFIG=2 \
  -AIDLOC=08000h-08003h -DIDLOC=2 -AEEDATA=00h-0FFh/0F000h \
  -peeprom_data=EEDATA -DEEDATA=2 -DCODE=2 -DSTRCODE=2 -DSTRING=2 -DCONST=2 \
  -DENTRY=2 -preset_vec=00h,intentry=04h,sivt,init,end_init -ppowerup=CODE \
  -pcinit=CODE -pfunctab=ENTRY -k /tmp/xcXJDbHog/driver_tmp_15.o \
  dist/default/debug/tp8.X.debug.o 

Object code version is 3.11

Machine type is 16F1827



                Name                               Link     Load   Length Selector   Space Scale
/tmp/xcXJDbHog/driver_tmp_15.o
                end_init                             19       19        2        8       0
                reset_vec                             0        0        2        0       0
                config                             8007     8007        2        0       4
dist/default/debug/tp8.X.debug.o
                cinit                                1B       1B       12        8       0
                intentry                              4        4       15        8       0
                config                             8007     8007        2        0       4
                text27                              20F      20F        A        8       0
                text26                              11B      11B       1F        8       0
                text25                              25C      25C        1        8       0
                text24                              202      202        D        8       0
                text23                              1D4      1D4       11        8       0
                text22                              13A      13A       1E        8       0
                text20                              174      174       1B        8       0
                text19                              1E5      1E5        F        8       0
                text18                              24E      24E        5        8       0
                text17                              221      221        8        8       0
                text16                              1F4      1F4        E        8       0
                text15                              248      248        6        8       0
                text14                              242      242        6        8       0
                text13                              23C      23C        6        8       0
                text12                               DA       DA       22        8       0
                text11                              257      257        4        8       0
                text10                              229      229        7        8       0
                text9                               18F      18F       18        8       0
                text8                               236      236        6        8       0
                text7                               1BE      1BE       16        8       0
                text6                               219      219        8        8       0
                text5                               253      253        4        8       0
                text4                               158      158       1C        8       0
                text3                                FC       FC       1F        8       0
                text2                               1A7      1A7       17        8       0
                text1                                A1       A1       39        8       0
                maintext                             2D       2D       74        8       0
                cstackBANK0                          3B       3B        3       20       1
                cstackCOMMON                         70       70        9       70       1
                clrtext                             230      230        6        8       0
                dataBANK0                            3E       3E        1       20       1
                bssBANK0                             20       20       13       20       1
                bssCOMMON                            79       79        2       70       1
                nvBANK0                              33       33        8       20       1
                idataBANK0                          25B      25B        1        8       0

TOTAL           Name                               Link     Load   Length     Space
        CLASS   CODE           
                end_init                             19       19        2         0
                cinit                                1B       1B       12         0
                intentry                              4        4       15         0
                reset_vec                             0        0        2         0
                text27                              20F      20F        A         0
                text26                              11B      11B       1F         0
                text25                              25C      25C        1         0
                text24                              202      202        D         0
                text23                              1D4      1D4       11         0
                text22                              13A      13A       1E         0
                text20                              174      174       1B         0
                text19                              1E5      1E5        F         0
                text18                              24E      24E        5         0
                text17                              221      221        8         0
                text16                              1F4      1F4        E         0
                text15                              248      248        6         0
                text14                              242      242        6         0
                text13                              23C      23C        6         0
                text12                               DA       DA       22         0
                text11                              257      257        4         0
                text10                              229      229        7         0
                text9                               18F      18F       18         0
                text8                               236      236        6         0
                text7                               1BE      1BE       16         0
                text6                               219      219        8         0
                text5                               253      253        4         0
                text4                               158      158       1C         0
                text3                                FC       FC       1F         0
                text2                               1A7      1A7       17         0
                text1                                A1       A1       39         0
                maintext                             2D       2D       74         0
                clrtext                             230      230        6         0
                idataBANK0                          25B      25B        1         0

        CLASS   STRCODE        

        CLASS   STRING         

        CLASS   CONST          

        CLASS   ENTRY          

        CLASS   COMMON         
                cstackCOMMON                         70       70        9         1
                bssCOMMON                            79       79        2         1

        CLASS   BANK0          
                cstackBANK0                          3B       3B        3         1
                dataBANK0                            3E       3E        1         1
                bssBANK0                             20       20       13         1
                nvBANK0                              33       33        8         1

        CLASS   BANK1          

        CLASS   BANK2          

        CLASS   BANK3          

        CLASS   BANK4          

        CLASS   BIGRAM         

        CLASS   RAM            

        CLASS   ABS1           
                abs_s1                               7E       7E        2         1

        CLASS   SFR0           

        CLASS   SFR1           

        CLASS   SFR2           

        CLASS   SFR3           

        CLASS   SFR4           

        CLASS   SFR5           

        CLASS   SFR6           

        CLASS   SFR7           

        CLASS   SFR8           

        CLASS   SFR9           

        CLASS   SFR10          

        CLASS   SFR11          

        CLASS   SFR12          

        CLASS   SFR13          

        CLASS   SFR14          

        CLASS   SFR15          

        CLASS   SFR16          

        CLASS   SFR17          

        CLASS   SFR18          

        CLASS   SFR19          

        CLASS   SFR20          

        CLASS   SFR21          

        CLASS   SFR22          

        CLASS   SFR23          

        CLASS   SFR24          

        CLASS   SFR25          

        CLASS   SFR26          

        CLASS   SFR27          

        CLASS   SFR28          

        CLASS   SFR29          

        CLASS   SFR30          

        CLASS   SFR31          

        CLASS   CONFIG         
                config                             8007     8007        2         4

        CLASS   IDLOC          

        CLASS   EEDATA         

        CLASS   BANK31         

        CLASS   BANK30         

        CLASS   BANK29         

        CLASS   BANK28         

        CLASS   BANK27         

        CLASS   BANK26         

        CLASS   BANK25         

        CLASS   BANK24         

        CLASS   BANK23         

        CLASS   BANK22         

        CLASS   BANK21         

        CLASS   BANK20         

        CLASS   BANK19         

        CLASS   BANK18         

        CLASS   BANK17         

        CLASS   BANK16         

        CLASS   BANK15         

        CLASS   BANK14         

        CLASS   BANK13         

        CLASS   BANK12         

        CLASS   BANK11         

        CLASS   BANK10         

        CLASS   BANK9          

        CLASS   BANK8          

        CLASS   BANK7          

        CLASS   BANK6          

        CLASS   BANK5          

        CLASS   HEAP           

        CLASS   STACK          



SEGMENTS        Name                           Load    Length   Top    Selector   Space  Class     Delta

                reset_vec                      000000  000002  000002         0       0  CODE        2
                bssBANK0                       000020  00001F  00003F        20       1  BANK0       1
                intentry                       000004  000259  00025D         8       0  CODE        2
                cstackCOMMON                   000070  00000B  00007B        70       1  COMMON      1


UNUSED ADDRESS RANGES

        Name                Unused          Largest block    Delta
        BANK0            0003F-0006F              31           1
        BANK1            000A0-000EF              50           1
        BANK2            00120-0016F              50           1
        BANK3            001A0-001EF              50           1
        BANK4            00220-0024F              30           1
        BIGRAM           02000-0216F             170           1
        CODE             00002-00003               2           2
                         0025D-00FFF             5A3
        COMMON           0007B-0007D               3           1
        CONST            00002-00003               2           2
                         0025D-00FFF             100
        EEDATA           0F000-0F0FF             100           2
        ENTRY            00002-00003               2           2
                         0025D-00FFF             100
        IDLOC            08000-08003               4           2
        RAM              0003F-0006F              31           1
                         000A0-000EF              50
                         00120-0016F              50
                         001A0-001EF              50
                         00220-0024F              30
        SFR0             00000-0001F              20           1
        SFR1             00080-0009F              20           1
        SFR10            00500-0056F              70           1
        SFR11            00580-005EF              70           1
        SFR12            00600-0066F              70           1
        SFR13            00680-006EF              70           1
        SFR14            00700-0076F              70           1
        SFR15            00780-007EF              70           1
        SFR16            00800-0086F              70           1
        SFR17            00880-008EF              70           1
        SFR18            00900-0096F              70           1
        SFR19            00980-009EF              70           1
        SFR2             00100-0011F              20           1
        SFR20            00A00-00A6F              70           1
        SFR21            00A80-00AEF              70           1
        SFR22            00B00-00B6F              70           1
        SFR23            00B80-00BEF              70           1
        SFR24            00C00-00C6F              70           1
        SFR25            00C80-00CEF              70           1
        SFR26            00D00-00D6F              70           1
        SFR27            00D80-00DEF              70           1
        SFR28            00E00-00E6F              70           1
        SFR29            00E80-00EEF              70           1
        SFR3             00180-0019F              20           1
        SFR30            00F00-00F6F              70           1
        SFR31            00F80-00FEF              70           1
        SFR4             00200-0021F              20           1
        SFR5             00280-002EF              70           1
        SFR6             00300-0036F              70           1
        SFR7             00380-003EF              70           1
        SFR8             00400-0046F              70           1
        SFR9             00480-004EF              70           1
        STRCODE          00002-00003               2           2
                         0025D-00FFF             DA3
        STRING           00002-00003               2           2
                         0025D-00FFF             100

                                  Symbol Table

?_ADC_GetConversion                            cstackCOMMON 00072
?___wmul                                       cstackCOMMON 00072
ADC_GetConversion@channel                      cstackCOMMON 00075
EPWM1_LoadDutyValue@dutyValue                  cstackCOMMON 00072
EUSART_SetErrorHandler@interruptHandler        cstackCOMMON 00072
EUSART_SetFramingErrorHandler@interruptHandler cstackCOMMON 00072
EUSART_SetOverrunErrorHandler@interruptHandler cstackCOMMON 00072
EUSART_Write@txData                            cstackCOMMON 00070
TMR1_ISR@CountCallBack                         bssBANK0     0002D
TMR1_SetInterruptHandler@InterruptHandler      cstackCOMMON 00072
TMR1_WriteTimer@timerVal                       cstackCOMMON 00070
_ADCON0                                        (abs)        0009D
_ADCON0bits                                    (abs)        0009D
_ADCON1                                        (abs)        0009E
_ADC_GetConversion                             text20       00174
_ADC_Initialize                                text17       00221
_ADRESH                                        (abs)        0009C
_ADRESL                                        (abs)        0009B
_ANSELA                                        (abs)        0018C
_ANSELB                                        (abs)        0018D
_APFCON0                                       (abs)        0011D
_APFCON1                                       (abs)        0011E
_BAUDCON                                       (abs)        0019F
_BORCON                                        (abs)        00116
_CCP1CON                                       (abs)        00293
_CCPR1H                                        (abs)        00292
_CCPR1L                                        (abs)        00291
_CCPTMRS0bits                                  (abs)        0029E
_ECCP1AS                                       (abs)        00295
_EPWM1_Initialize                              text16       001F4
_EPWM1_LoadDutyValue                           text2        001A7
_EUSART_DefaultErrorHandler                    (abs)        00000
_EUSART_DefaultFramingErrorHandler             (abs)        00000
_EUSART_DefaultOverrunErrorHandler             (abs)        00000
_EUSART_ErrorHandler                           nvBANK0      00035
_EUSART_FramingErrorHandler                    nvBANK0      00039
_EUSART_Initialize                             text12       000DA
_EUSART_OverrunErrorHandler                    nvBANK0      00037
_EUSART_Read                                   text19       001E5
_EUSART_SetErrorHandler                        text15       00248
_EUSART_SetFramingErrorHandler                 text14       00242
_EUSART_SetOverrunErrorHandler                 text13       0023C
_EUSART_Write                                  text27       0020F
_EUSART_is_rx_ready                            text18       0024E
_FVRCON                                        (abs)        00117
_FVRCONbits                                    (abs)        00117
_FVR_Initialize                                text11       00257
_INTCONbits                                    (abs)        0000B
_INTERRUPT_InterruptManager                    intentry     00004
_LATA                                          (abs)        0010C
_LATB                                          (abs)        0010D
_LumTx                                         bssBANK0     00029
_OPTION_REGbits                                (abs)        00095
_OSCCON                                        (abs)        00099
_OSCILLATOR_Initialize                         text10       00229
_OSCTUNE                                       (abs)        00098
_PIE1bits                                      (abs)        00091
_PIN_MANAGER_Initialize                        text9        0018F
_PIR1bits                                      (abs)        00011
_PR2                                           (abs)        0001B
_PSTR1CON                                      (abs)        00296
_PWM1CON                                       (abs)        00294
_RCREG                                         (abs)        00199
_RCSTA                                         (abs)        0019D
_RCSTAbits                                     (abs)        0019D
_SPBRGH                                        (abs)        0019C
_SPBRGL                                        (abs)        0019B
_SYSTEM_Initialize                             text4        00158
_T1CON                                         (abs)        00018
_T1CONbits                                     (abs)        00018
_T1GCON                                        (abs)        00019
_T1GCONbits                                    (abs)        00019
_T2CON                                         (abs)        0001C
_T2CONbits                                     (abs)        0001C
_TMR1H                                         (abs)        00017
_TMR1L                                         (abs)        00016
_TMR1_CallBack                                 text24       00202
_TMR1_DefaultInterruptHandler                  text25       0025C
_TMR1_ISR                                      text22       0013A
_TMR1_Initialize                               text7        001BE
_TMR1_InterruptHandler                         nvBANK0      00033
_TMR1_SetInterruptHandler                      text8        00236
_TMR1_WriteTimer                               text23       001D4
_TMR2                                          (abs)        0001A
_TMR2_Initialize                               text6        00219
_TRISA                                         (abs)        0008C
_TRISB                                         (abs)        0008D
_TXREG                                         (abs)        0019A
_TXSTA                                         (abs)        0019E
_TXSTAbits                                     (abs)        0019E
_TempTx                                        bssBANK0     0002B
_TxActivate                                    dataBANK0    0003E
_WDTCON                                        (abs)        00097
_WDT_Initialize                                text5        00253
_WPUA                                          (abs)        0020C
_WPUB                                          (abs)        0020D
__H__absolute__                                __absolute__ 00000
__Habs1                                        abs1         00000
__Hbank0                                       bank0        00000
__Hbank1                                       bank1        00000
__Hbank10                                      bank10       00000
__Hbank11                                      bank11       00000
__Hbank12                                      bank12       00000
__Hbank13                                      bank13       00000
__Hbank14                                      bank14       00000
__Hbank15                                      bank15       00000
__Hbank16                                      bank16       00000
__Hbank17                                      bank17       00000
__Hbank18                                      bank18       00000
__Hbank19                                      bank19       00000
__Hbank2                                       bank2        00000
__Hbank20                                      bank20       00000
__Hbank21                                      bank21       00000
__Hbank22                                      bank22       00000
__Hbank23                                      bank23       00000
__Hbank24                                      bank24       00000
__Hbank25                                      bank25       00000
__Hbank26                                      bank26       00000
__Hbank27                                      bank27       00000
__Hbank28                                      bank28       00000
__Hbank29                                      bank29       00000
__Hbank3                                       bank3        00000
__Hbank30                                      bank30       00000
__Hbank31                                      bank31       00000
__Hbank4                                       bank4        00000
__Hbank5                                       bank5        00000
__Hbank6                                       bank6        00000
__Hbank7                                       bank7        00000
__Hbank8                                       bank8        00000
__Hbank9                                       bank9        00000
__Hbigram                                      bigram       00000
__HbssBANK0                                    bssBANK0     00000
__HbssCOMMON                                   bssCOMMON    00000
__Hcinit                                       cinit        0002D
__Hclrtext                                     clrtext      00000
__Hcode                                        code         00000
__Hcommon                                      common       00000
__Hconfig                                      config       08009
__HcstackBANK0                                 cstackBANK0  00000
__HcstackCOMMON                                cstackCOMMON 00000
__HdataBANK0                                   dataBANK0    00000
__Heeprom_data                                 eeprom_data  00000
__Hend_init                                    end_init     0001B
__Hfunctab                                     functab      00000
__Hheap                                        heap         00000
__HidataBANK0                                  idataBANK0   00000
__Hinit                                        init         00019
__Hintentry                                    intentry     00019
__Hmaintext                                    maintext     00000
__HnvBANK0                                     nvBANK0      00000
__Hpowerup                                     powerup      00000
__Hram                                         ram          00000
__Hreset_vec                                   reset_vec    00002
__Hsfr0                                        sfr0         00000
__Hsfr1                                        sfr1         00000
__Hsfr10                                       sfr10        00000
__Hsfr11                                       sfr11        00000
__Hsfr12                                       sfr12        00000
__Hsfr13                                       sfr13        00000
__Hsfr14                                       sfr14        00000
__Hsfr15                                       sfr15        00000
__Hsfr16                                       sfr16        00000
__Hsfr17                                       sfr17        00000
__Hsfr18                                       sfr18        00000
__Hsfr19                                       sfr19        00000
__Hsfr2                                        sfr2         00000
__Hsfr20                                       sfr20        00000
__Hsfr21                                       sfr21        00000
__Hsfr22                                       sfr22        00000
__Hsfr23                                       sfr23        00000
__Hsfr24                                       sfr24        00000
__Hsfr25                                       sfr25        00000
__Hsfr26                                       sfr26        00000
__Hsfr27                                       sfr27        00000
__Hsfr28                                       sfr28        00000
__Hsfr29                                       sfr29        00000
__Hsfr3                                        sfr3         00000
__Hsfr30                                       sfr30        00000
__Hsfr31                                       sfr31        00000
__Hsfr4                                        sfr4         00000
__Hsfr5                                        sfr5         00000
__Hsfr6                                        sfr6         00000
__Hsfr7                                        sfr7         00000
__Hsfr8                                        sfr8         00000
__Hsfr9                                        sfr9         00000
__Hsivt                                        sivt         00019
__Hspace_0                                     (abs)        0025D
__Hspace_1                                     (abs)        0007B
__Hspace_2                                     (abs)        00000
__Hspace_3                                     (abs)        00000
__Hspace_4                                     (abs)        10010
__Hstack                                       stack        00000
__Hstrings                                     strings      00000
__Htext                                        text         00000
__L__absolute__                                __absolute__ 00000
__Labs1                                        abs1         00000
__Lbank0                                       bank0        00000
__Lbank1                                       bank1        00000
__Lbank10                                      bank10       00000
__Lbank11                                      bank11       00000
__Lbank12                                      bank12       00000
__Lbank13                                      bank13       00000
__Lbank14                                      bank14       00000
__Lbank15                                      bank15       00000
__Lbank16                                      bank16       00000
__Lbank17                                      bank17       00000
__Lbank18                                      bank18       00000
__Lbank19                                      bank19       00000
__Lbank2                                       bank2        00000
__Lbank20                                      bank20       00000
__Lbank21                                      bank21       00000
__Lbank22                                      bank22       00000
__Lbank23                                      bank23       00000
__Lbank24                                      bank24       00000
__Lbank25                                      bank25       00000
__Lbank26                                      bank26       00000
__Lbank27                                      bank27       00000
__Lbank28                                      bank28       00000
__Lbank29                                      bank29       00000
__Lbank3                                       bank3        00000
__Lbank30                                      bank30       00000
__Lbank31                                      bank31       00000
__Lbank4                                       bank4        00000
__Lbank5                                       bank5        00000
__Lbank6                                       bank6        00000
__Lbank7                                       bank7        00000
__Lbank8                                       bank8        00000
__Lbank9                                       bank9        00000
__Lbigram                                      bigram       00000
__LbssBANK0                                    bssBANK0     00000
__LbssCOMMON                                   bssCOMMON    00000
__Lcinit                                       cinit        0001B
__Lclrtext                                     clrtext      00000
__Lcode                                        code         00000
__Lcommon                                      common       00000
__Lconfig                                      config       00000
__LcstackBANK0                                 cstackBANK0  00000
__LcstackCOMMON                                cstackCOMMON 00000
__LdataBANK0                                   dataBANK0    00000
__Leeprom_data                                 eeprom_data  00000
__Lend_init                                    end_init     00019
__Lfunctab                                     functab      00000
__Lheap                                        heap         00000
__LidataBANK0                                  idataBANK0   00000
__Linit                                        init         00019
__Lintentry                                    intentry     00004
__Lmaintext                                    maintext     00000
__LnvBANK0                                     nvBANK0      00000
__Lpowerup                                     powerup      00000
__Lram                                         ram          00000
__Lreset_vec                                   reset_vec    00000
__Lsfr0                                        sfr0         00000
__Lsfr1                                        sfr1         00000
__Lsfr10                                       sfr10        00000
__Lsfr11                                       sfr11        00000
__Lsfr12                                       sfr12        00000
__Lsfr13                                       sfr13        00000
__Lsfr14                                       sfr14        00000
__Lsfr15                                       sfr15        00000
__Lsfr16                                       sfr16        00000
__Lsfr17                                       sfr17        00000
__Lsfr18                                       sfr18        00000
__Lsfr19                                       sfr19        00000
__Lsfr2                                        sfr2         00000
__Lsfr20                                       sfr20        00000
__Lsfr21                                       sfr21        00000
__Lsfr22                                       sfr22        00000
__Lsfr23                                       sfr23        00000
__Lsfr24                                       sfr24        00000
__Lsfr25                                       sfr25        00000
__Lsfr26                                       sfr26        00000
__Lsfr27                                       sfr27        00000
__Lsfr28                                       sfr28        00000
__Lsfr29                                       sfr29        00000
__Lsfr3                                        sfr3         00000
__Lsfr30                                       sfr30        00000
__Lsfr31                                       sfr31        00000
__Lsfr4                                        sfr4         00000
__Lsfr5                                        sfr5         00000
__Lsfr6                                        sfr6         00000
__Lsfr7                                        sfr7         00000
__Lsfr8                                        sfr8         00000
__Lsfr9                                        sfr9         00000
__Lsivt                                        sivt         00019
__Lspace_0                                     (abs)        00000
__Lspace_1                                     (abs)        00000
__Lspace_2                                     (abs)        00000
__Lspace_3                                     (abs)        00000
__Lspace_4                                     (abs)        00000
__Lstack                                       stack        00000
__Lstrings                                     strings      00000
__Ltext                                        text         00000
__S0                                           (abs)        0025D
__S1                                           (abs)        0007B
__S3                                           (abs)        00000
___heap_hi                                     (abs)        00000
___heap_lo                                     (abs)        00000
___int_sp                                      stack        00000
___int_stack_hi                                stack        00000
___int_stack_lo                                stack        00000
___latbits                                     (abs)        00001
___sp                                          stack        00000
___stack_hi                                    stack        00000
___stack_lo                                    stack        00000
___stackhi                                     (abs)        00000
___stacklo                                     (abs)        00000
___wmul                                        text3        000FC
___wmul@multiplicand                           cstackCOMMON 00074
___wmul@multiplier                             cstackCOMMON 00072
___wmul@product                                cstackCOMMON 00076
__end_of_ADC_GetConversion                     text20       0018F
__end_of_ADC_Initialize                        text17       00229
__end_of_EPWM1_Initialize                      text16       00202
__end_of_EPWM1_LoadDutyValue                   text2        001BE
__end_of_EUSART_Initialize                     text12       000FC
__end_of_EUSART_Read                           text19       001F4
__end_of_EUSART_SetErrorHandler                text15       0024E
__end_of_EUSART_SetFramingErrorHandler         text14       00248
__end_of_EUSART_SetOverrunErrorHandler         text13       00242
__end_of_EUSART_Write                          text27       00219
__end_of_EUSART_is_rx_ready                    text18       00253
__end_of_FVR_Initialize                        text11       0025B
__end_of_INTERRUPT_InterruptManager            intentry     00019
__end_of_OSCILLATOR_Initialize                 text10       00230
__end_of_PIN_MANAGER_Initialize                text9        001A7
__end_of_SYSTEM_Initialize                     text4        00174
__end_of_TMR1_CallBack                         text24       0020F
__end_of_TMR1_DefaultInterruptHandler          text25       0025D
__end_of_TMR1_ISR                              text22       00158
__end_of_TMR1_Initialize                       text7        001D4
__end_of_TMR1_SetInterruptHandler              text8        0023C
__end_of_TMR1_WriteTimer                       text23       001E5
__end_of_TMR2_Initialize                       text6        00221
__end_of_WDT_Initialize                        text5        00257
__end_of___wmul                                text3        0011B
__end_of__initialization                       cinit        00029
__end_of_analisaRx                             text1        000DA
__end_of_enviaTx                               text26       0013A
__end_of_main                                  maintext     000A1
__initialization                               cinit        0001B
__pbssBANK0                                    bssBANK0     00020
__pbssCOMMON                                   bssCOMMON    00079
__pcstackBANK0                                 cstackBANK0  0003B
__pcstackCOMMON                                cstackCOMMON 00070
__pdataBANK0                                   dataBANK0    0003E
__pidataBANK0                                  idataBANK0   0025B
__pintentry                                    intentry     00004
__pmaintext                                    maintext     0002D
__pnvBANK0                                     nvBANK0      00033
__ptext1                                       text1        000A1
__ptext10                                      text10       00229
__ptext11                                      text11       00257
__ptext12                                      text12       000DA
__ptext13                                      text13       0023C
__ptext14                                      text14       00242
__ptext15                                      text15       00248
__ptext16                                      text16       001F4
__ptext17                                      text17       00221
__ptext18                                      text18       0024E
__ptext19                                      text19       001E5
__ptext2                                       text2        001A7
__ptext20                                      text20       00174
__ptext22                                      text22       0013A
__ptext23                                      text23       001D4
__ptext24                                      text24       00202
__ptext25                                      text25       0025C
__ptext26                                      text26       0011B
__ptext27                                      text27       0020F
__ptext3                                       text3        000FC
__ptext4                                       text4        00158
__ptext5                                       text5        00253
__ptext6                                       text6        00219
__ptext7                                       text7        001BE
__ptext8                                       text8        00236
__ptext9                                       text9        0018F
_analisaRx                                     text1        000A1
_bufferRx                                      bssBANK0     00020
_dutyRx                                        bssBANK0     00023
_enviaTx                                       text26       0011B
_eusartRxLastError                             bssBANK0     00032
_gainLumRx                                     bssBANK0     00027
_gainTempRx                                    bssBANK0     00025
_main                                          maintext     0002D
_timer1ReloadVal                               bssCOMMON    00079
btemp                                          (abs)        0007E
clear_ram0                                     clrtext      00230
end_of_initialization                          cinit        00029
int$flags                                      (abs)        0007E
intlevel0                                      functab      00000
intlevel1                                      functab      00000
intlevel2                                      functab      00000
intlevel3                                      functab      00000
intlevel4                                      functab      00000
intlevel5                                      functab      00000
main@i                                         cstackBANK0  0003C
main@rxChar                                    cstackBANK0  0003B
reset_vec                                      reset_vec    00000
start                                          init         00019
start_initialization                           cinit        0001B
wtemp0                                         (abs)        0007E


MODULE INFORMATION

Module		Function		Class		Link	Load	Size
mcc_generated_files/fvr.c
		_FVR_Initialize		CODE           	0257	0000	4

mcc_generated_files/fvr.c estimated size: 4

/opt/microchip/xc8/v2.46/pic/sources/c99/common/Umul16.c
		___wmul        		CODE           	00FC	0000	31

/opt/microchip/xc8/v2.46/pic/sources/c99/common/Umul16.c estimated size: 31

mcc_generated_files/tmr2.c
		_TMR2_Initialize		CODE           	0219	0000	8

mcc_generated_files/tmr2.c estimated size: 8

mcc_generated_files/interrupt_manager.c
		_INTERRUPT_InterruptManager		CODE           	0004	0000	21

mcc_generated_files/interrupt_manager.c estimated size: 21

mcc_generated_files/pin_manager.c
		_PIN_MANAGER_Initialize		CODE           	018F	0000	24

mcc_generated_files/pin_manager.c estimated size: 24

mcc_generated_files/adc.c
		_ADC_Initialize		CODE           	0221	0000	8
		_ADC_GetConversion		CODE           	0174	0000	27

mcc_generated_files/adc.c estimated size: 35

shared
		__initialization		CODE           	001B	0000	14

shared estimated size: 14

mcc_generated_files/mcc.c
		_WDT_Initialize		CODE           	0253	0000	4
		_OSCILLATOR_Initialize		CODE           	0229	0000	7
		_SYSTEM_Initialize		CODE           	0158	0000	28

mcc_generated_files/mcc.c estimated size: 39

mcc_generated_files/tmr1.c
		_TMR1_Initialize		CODE           	01BE	0000	22
		_TMR1_SetInterruptHandler		CODE           	0236	0000	6
		_TMR1_DefaultInterruptHandler		CODE           	025C	0000	1
		_TMR1_CallBack 		CODE           	0202	0000	13
		_TMR1_WriteTimer		CODE           	01D4	0000	17
		_TMR1_ISR      		CODE           	013A	0000	30

mcc_generated_files/tmr1.c estimated size: 89

mcc_generated_files/epwm1.c
		_EPWM1_LoadDutyValue		CODE           	01A7	0000	23
		_EPWM1_Initialize		CODE           	01F4	0000	14

mcc_generated_files/epwm1.c estimated size: 37

mcc_generated_files/eusart.c
		_EUSART_Read   		CODE           	01E5	0000	15
		_EUSART_Write  		CODE           	020F	0000	10
		_EUSART_Initialize		CODE           	00DA	0000	34
		_EUSART_SetFramingErrorHandler		CODE           	0242	0000	6
		_EUSART_SetErrorHandler		CODE           	0248	0000	6
		_EUSART_SetOverrunErrorHandler		CODE           	023C	0000	6
		_EUSART_is_rx_ready		CODE           	024E	0000	5

mcc_generated_files/eusart.c estimated size: 82

main.c
		_analisaRx     		CODE           	00A1	0000	57
		_main          		CODE           	002D	0000	116
		_enviaTx       		CODE           	011B	0000	31

main.c estimated size: 204

