Microchip MPLAB XC8 Compiler V2.46

Linker command line:

-W-3 --edf=F:\Games\Microchip\compiler\pic\dat\20240104201356_en.msgs -cn \
  -h+dist/default/debug\tp2_andre_221007822_teste_em_aula.X.debug.sym \
  --cmf=dist/default/debug\tp2_andre_221007822_teste_em_aula.X.debug.cmf -z \
  -w9 --disl=596:off -Q16F887 \
  -oC:\Users\Oem\AppData\Local\Temp\xcAs1o8.\driver_tmp_3.o \
  --defsym=__MPLAB_BUILD=1 \
  -Mdist/default/debug/tp2_andre_221007822_teste_em_aula.X.debug.map -E1 \
  -ver=XC8 Compiler --acfsm=1493 -ACODE=00h-07FFhx4 -ASTRCODE=00h-01FFFh \
  -ASTRING=00h-0FFhx32 -ACONST=00h-0FFhx32 -AENTRY=00h-0FFhx32 \
  -ACOMMON=070h-07Fh -ABANK0=020h-06Fh -ABANK1=0A0h-0EFh \
  -ABANK2=0110h-016Fh -ABANK3=0190h-01EFh \
  -ARAM=020h-06Fh,0A0h-0EFh,0110h-016Fh,0190h-01EFh \
  -AABS1=020h-07Fh,0A0h-0EFh,0110h-016Fh,0190h-01EFh -ASFR0=00h-01Fh \
  -ASFR1=080h-09Fh -ASFR2=0100h-010Fh -ASFR3=0180h-018Fh \
  -ACONFIG=02007h-02008h -DCONFIG=2 -AIDLOC=02000h-02003h -DIDLOC=2 \
  -AEEDATA=00h-0FFh/02100h -peeprom_data=EEDATA -DEEDATA=2 -DCODE=2 \
  -DSTRCODE=2 -DSTRING=2 -DCONST=2 -DENTRY=2 \
  -preset_vec=00h,intentry,sivt,init,end_init -ppowerup=CODE -pcinit=CODE \
  -pfunctab=ENTRY -k \
  C:\Users\Oem\AppData\Local\Temp\xcAs1o8.\driver_tmp_6.o \
  build/default/debug/multiplicador.o 

Object code version is 3.11

Machine type is 16F887



                Name                               Link     Load   Length Selector   Space Scale
C:\Users\Oem\AppData\Local\Temp\xcAs1o8.\driver_tmp_6.o
                end_init                              0        0        4        0       0
                config                             2007     2007        2        0       4
build/default/debug/multiplicador.o
                config                             2007     2007        2        0       4
                resetVec                            7AB      7AB        1      F56       0
                code                                7AC      7AC       54      F58       0
                udata_shr                            70       70        8       70       1

TOTAL           Name                               Link     Load   Length     Space
        CLASS   CODE           
                end_init                              0        0        4         0
                resetVec                            7AB      7AB        1         0
                code                                7AC      7AC       54         0

        CLASS   STRCODE        

        CLASS   STRING         

        CLASS   CONST          

        CLASS   ENTRY          

        CLASS   COMMON         
                udata_shr                            70       70        8         1

        CLASS   BANK0          

        CLASS   BANK1          

        CLASS   BANK2          

        CLASS   BANK3          

        CLASS   RAM            

        CLASS   ABS1           

        CLASS   SFR0           

        CLASS   SFR1           

        CLASS   SFR2           

        CLASS   SFR3           

        CLASS   CONFIG         
                config                             2007     2007        2         4

        CLASS   IDLOC          

        CLASS   EEDATA         

        CLASS   HEAP           

        CLASS   STACK          



SEGMENTS        Name                           Load    Length   Top    Selector   Space  Class     Delta

                reset_vec                      000000  000004  000004         0       0  CODE        2
                udata_shr                      000070  000008  000078        70       1  COMMON      1
                resetVec                       0007AB  000001  0007AC       F56       0  CODE        2
                code                           0007AC  000054  000800       F58       0  CODE        2


UNUSED ADDRESS RANGES

        Name                Unused          Largest block    Delta
        BANK0            0020-006F             50           1
        BANK1            00A0-00EF             50           1
        BANK2            0110-016F             60           1
        BANK3            0190-01EF             60           1
        CODE             0004-07AA            7A7           2
                         0800-1FFF            800
        COMMON           0078-007F              8           1
        CONST            0004-07AA            100           2
                         0800-1FFF            100
        EEDATA           2100-21FF            100           2
        ENTRY            0004-07AA            100           2
                         0800-1FFF            100
        IDLOC            2000-2003              4           2
        RAM              0020-006F             50           1
                         00A0-00EF             50
                         0110-016F             60
                         0190-01EF             60
        SFR0             0000-001F             20           1
        SFR1             0080-009F             20           1
        SFR2             0100-010F             10           1
        SFR3             0180-018F             10           1
        STRCODE          0004-07AA            7A7           2
                         0800-1FFF           1800
        STRING           0004-07AA            100           2
                         0800-1FFF            100

                                  Symbol Table

__H__absolute__      __absolute__ 0000  __Habs1              abs1         0000
__Hbank0             bank0        0000  __Hbank1             bank1        0000
__Hbank2             bank2        0000  __Hbank3             bank3        0000
__Hcinit             cinit        0000  __Hclrtext           clrtext      0000
__Hcode              code         0000  __Hcommon            common       0000
__Hconfig            config       2009  __Hdata              data         0000
__Hedata             edata        0000  __Heeprom_data       eeprom_data  0000
__Hend_init          end_init     0004  __Hfunctab           functab      0000
__Hheap              heap         0000  __Hinit              init         0000
__Hintentry          intentry     0000  __Hmaintext          maintext     0000
__Hpa_nodes0         pa_nodes0    0000  __Hpowerup           powerup      0000
__Hram               ram          0000  __HresetVec          resetVec     0000
__Hreset_vec         reset_vec    0000  __Hsfr0              sfr0         0000
__Hsfr1              sfr1         0000  __Hsfr2              sfr2         0000
__Hsfr3              sfr3         0000  __Hsivt              sivt         0000
__Hspace_0           (abs)        0800  __Hspace_1           (abs)        0078
__Hspace_2           (abs)        0000  __Hspace_3           (abs)        0000
__Hspace_4           (abs)        4010  __Hstack             stack        0000
__Hstrings           strings      0000  __Htext              text         0000
__Hudata             udata        0000  __Hudata_bank0       udata_bank0  0000
__Hudata_bank1       udata_bank1  0000  __Hudata_bank2       udata_bank2  0000
__Hudata_bank3       udata_bank3  0000  __Hudata_shr         udata_shr    0000
__L__absolute__      __absolute__ 0000  __Labs1              abs1         0000
__Lbank0             bank0        0000  __Lbank1             bank1        0000
__Lbank2             bank2        0000  __Lbank3             bank3        0000
__Lcinit             cinit        0000  __Lclrtext           clrtext      0000
__Lcode              code         0000  __Lcommon            common       0000
__Lconfig            config       0000  __Ldata              data         0000
__Ledata             edata        0000  __Leeprom_data       eeprom_data  0000
__Lend_init          end_init     0000  __Lfunctab           functab      0000
__Lheap              heap         0000  __Linit              init         0000
__Lintentry          intentry     0000  __Lmaintext          maintext     0000
__Lpa_nodes0         pa_nodes0    0000  __Lpowerup           powerup      0000
__Lram               ram          0000  __LresetVec          resetVec     0000
__Lreset_vec         reset_vec    0000  __Lsfr0              sfr0         0000
__Lsfr1              sfr1         0000  __Lsfr2              sfr2         0000
__Lsfr3              sfr3         0000  __Lsivt              sivt         0000
__Lspace_0           (abs)        0000  __Lspace_1           (abs)        0000
__Lspace_2           (abs)        0000  __Lspace_3           (abs)        0000
__Lspace_4           (abs)        0000  __Lstack             stack        0000
__Lstrings           strings      0000  __Ltext              text         0000
__Ludata             udata        0000  __Ludata_bank0       udata_bank0  0000
__Ludata_bank1       udata_bank1  0000  __Ludata_bank2       udata_bank2  0000
__Ludata_bank3       udata_bank3  0000  __Ludata_shr         udata_shr    0000
__S0                 (abs)        0800  __S1                 (abs)        0078
__S3                 (abs)        0000  ___heap_hi           (abs)        0000
___heap_lo           (abs)        0000  ___int_sp            stack        0000
___int_stack_hi      stack        0000  ___int_stack_lo      stack        0000
___sp                stack        0000  ___stack_hi          stack        0000
___stack_lo          stack        0000  ___stackhi           (abs)        0000
___stacklo           (abs)        0000  _main                                 
bank                 udata_shr    0077  i                    udata_shr    0076
intlevel0            functab      0000  intlevel1            functab      0000
intlevel2            functab      0000  intlevel3            functab      0000
intlevel4            functab      0000  intlevel5            functab      0000
regA                 udata_shr    0070  regB                 udata_shr    0071
reset_vec            reset_vec    0000  result_lsb           udata_shr    0075
result_msb           udata_shr    0074  start                init         0000
start_initialization                    storeA               udata_shr    0072
storeB               udata_shr    0073  
